0 verbose cli /Users/cosmin.pascariu/.nvm/versions/node/v24.13.0/bin/node /Users/cosmin.pascariu/.nvm/versions/node/v24.13.0/bin/npm
1 info using npm@11.6.2
2 info using node@v24.13.0
3 silly config load:file:/Users/cosmin.pascariu/.nvm/versions/node/v24.13.0/lib/node_modules/npm/npmrc
4 silly config load:file:/Users/cosmin.pascariu/Desktop/todolist/frontend/.npmrc
5 silly config load:file:/Users/cosmin.pascariu/.npmrc
6 silly config load:file:/Users/cosmin.pascariu/.nvm/versions/node/v24.13.0/etc/npmrc
7 verbose title npm install
8 verbose argv "install" "--cache" ".npm-cache"
9 verbose logfile logs-max:10 dir:/Users/cosmin.pascariu/Desktop/todolist/frontend/.npm-cache/_logs/2026-04-01T21_50_51_938Z-
10 verbose logfile /Users/cosmin.pascariu/Desktop/todolist/frontend/.npm-cache/_logs/2026-04-01T21_50_51_938Z-debug-0.log
11 silly logfile done cleaning log files
12 silly packumentCache heap:4496293888 maxSize:1124073472 maxEntrySize:562036736
13 silly idealTree buildDeps
14 silly fetch manifest react@19.1.1
15 silly packumentCache full:https://registry.npmjs.org/react cache-miss
16 http fetch GET 200 https://registry.npmjs.org/npm 418ms
17 http fetch GET 200 https://registry.npmjs.org/react 552ms (cache miss)
18 silly packumentCache full:https://registry.npmjs.org/react set size:undefined disposed:false
19 silly fetch manifest react-dom@19.1.1
20 silly packumentCache full:https://registry.npmjs.org/react-dom cache-miss
21 http fetch GET 200 https://registry.npmjs.org/react-dom 421ms (cache miss)
22 silly packumentCache full:https://registry.npmjs.org/react-dom set size:undefined disposed:false
23 silly fetch manifest @vitejs/plugin-react@5.0.2
24 silly packumentCache full:https://registry.npmjs.org/@vitejs%2fplugin-react cache-miss
25 http fetch GET 200 https://registry.npmjs.org/@vitejs%2fplugin-react 308ms (cache miss)
26 silly packumentCache full:https://registry.npmjs.org/@vitejs%2fplugin-react set size:undefined disposed:false
27 silly fetch manifest vite@7.1.3
28 silly packumentCache full:https://registry.npmjs.org/vite cache-miss
29 http fetch GET 200 https://registry.npmjs.org/vite 896ms (cache miss)
30 silly packumentCache full:https://registry.npmjs.org/vite set size:undefined disposed:false
31 silly fetch manifest @types/node@^20.19.0 || >=22.12.0
32 silly packumentCache full:https://registry.npmjs.org/@types%2fnode cache-miss
33 http fetch GET 200 https://registry.npmjs.org/@types%2fnode 556ms (cache miss)
34 silly packumentCache full:https://registry.npmjs.org/@types%2fnode set size:undefined disposed:false
35 silly fetch manifest jiti@>=1.21.0
36 silly packumentCache full:https://registry.npmjs.org/jiti cache-miss
37 http fetch GET 200 https://registry.npmjs.org/jiti 70ms (cache miss)
38 silly packumentCache full:https://registry.npmjs.org/jiti set size:undefined disposed:false
39 silly fetch manifest less@^4.0.0
40 silly packumentCache full:https://registry.npmjs.org/less cache-miss
41 http fetch GET 200 https://registry.npmjs.org/less 50ms (cache miss)
42 silly packumentCache full:https://registry.npmjs.org/less set size:undefined disposed:false
43 silly fetch manifest lightningcss@^1.21.0
44 silly packumentCache full:https://registry.npmjs.org/lightningcss cache-miss
45 http fetch GET 200 https://registry.npmjs.org/lightningcss 43ms (cache miss)
46 silly packumentCache full:https://registry.npmjs.org/lightningcss set size:undefined disposed:false
47 silly fetch manifest sass@^1.70.0
48 silly packumentCache full:https://registry.npmjs.org/sass cache-miss
49 http fetch GET 200 https://registry.npmjs.org/sass 58ms (cache miss)
50 silly packumentCache full:https://registry.npmjs.org/sass set size:undefined disposed:false
51 silly fetch manifest sass-embedded@^1.70.0
52 silly packumentCache full:https://registry.npmjs.org/sass-embedded cache-miss
53 http fetch GET 200 https://registry.npmjs.org/sass-embedded 571ms (cache miss)
54 silly packumentCache full:https://registry.npmjs.org/sass-embedded set size:undefined disposed:false
55 silly fetch manifest stylus@>=0.54.8
56 silly packumentCache full:https://registry.npmjs.org/stylus cache-miss
57 http fetch GET 200 https://registry.npmjs.org/stylus 1550ms (cache miss)
58 silly packumentCache full:https://registry.npmjs.org/stylus set size:undefined disposed:false
59 silly fetch manifest sugarss@^5.0.0
60 silly packumentCache full:https://registry.npmjs.org/sugarss cache-miss
61 http fetch GET 200 https://registry.npmjs.org/sugarss 75ms (cache miss)
62 silly packumentCache full:https://registry.npmjs.org/sugarss set size:undefined disposed:false
63 silly fetch manifest postcss@^8.3.3
64 silly packumentCache full:https://registry.npmjs.org/postcss cache-miss
65 http fetch GET 200 https://registry.npmjs.org/postcss 1404ms (cache miss)
66 silly packumentCache full:https://registry.npmjs.org/postcss set size:undefined disposed:false
67 silly fetch manifest terser@^5.16.0
68 silly packumentCache full:https://registry.npmjs.org/terser cache-miss
69 http fetch GET 200 https://registry.npmjs.org/terser 75ms (cache miss)
70 silly packumentCache full:https://registry.npmjs.org/terser set size:undefined disposed:false
71 silly fetch manifest tsx@^4.8.1
72 silly packumentCache full:https://registry.npmjs.org/tsx cache-miss
73 http fetch GET 200 https://registry.npmjs.org/tsx 305ms (cache miss)
74 silly packumentCache full:https://registry.npmjs.org/tsx set size:undefined disposed:false
75 silly fetch manifest yaml@^2.4.2
76 silly packumentCache full:https://registry.npmjs.org/yaml cache-miss
77 http fetch GET 200 https://registry.npmjs.org/yaml 53ms (cache miss)
78 silly packumentCache full:https://registry.npmjs.org/yaml set size:undefined disposed:false
79 silly placeDep ROOT @vitejs/plugin-react@5.0.2 OK for: todo-frontend@0.1.0 want: 5.0.2
80 silly placeDep ROOT vite@7.1.3 OK for: @vitejs/plugin-react@5.0.2 want: ^4.2.0 || ^5.0.0 || ^6.0.0 || ^7.0.0
81 silly placeDep ROOT react@19.1.1 OK for: todo-frontend@0.1.0 want: 19.1.1
82 silly placeDep ROOT react-dom@19.1.1 OK for: todo-frontend@0.1.0 want: 19.1.1
83 silly fetch manifest @babel/core@^7.28.3
84 silly packumentCache full:https://registry.npmjs.org/@babel%2fcore cache-miss
85 silly fetch manifest react-refresh@^0.17.0
86 silly packumentCache full:https://registry.npmjs.org/react-refresh cache-miss
87 silly fetch manifest @types/babel__core@^7.20.5
88 silly packumentCache full:https://registry.npmjs.org/@types%2fbabel__core cache-miss
89 http fetch GET 200 https://registry.npmjs.org/@types%2fbabel__core 103ms (cache miss)
90 silly packumentCache full:https://registry.npmjs.org/@types%2fbabel__core set size:undefined disposed:false
91 silly fetch manifest @rolldown/pluginutils@1.0.0-beta.34
92 silly packumentCache full:https://registry.npmjs.org/@rolldown%2fpluginutils cache-miss
93 http fetch GET 200 https://registry.npmjs.org/react-refresh 144ms (cache miss)
94 silly packumentCache full:https://registry.npmjs.org/react-refresh set size:undefined disposed:false
95 silly fetch manifest @babel/plugin-transform-react-jsx-self@^7.27.1
96 silly packumentCache full:https://registry.npmjs.org/@babel%2fplugin-transform-react-jsx-self cache-miss
97 http fetch GET 200 https://registry.npmjs.org/@rolldown%2fpluginutils 341ms (cache miss)
98 silly packumentCache full:https://registry.npmjs.org/@rolldown%2fpluginutils set size:undefined disposed:false
99 silly fetch manifest @babel/plugin-transform-react-jsx-source@^7.27.1
100 silly packumentCache full:https://registry.npmjs.org/@babel%2fplugin-transform-react-jsx-source cache-miss
101 http fetch GET 200 https://registry.npmjs.org/@babel%2fplugin-transform-react-jsx-self 96ms (cache miss)
102 silly packumentCache full:https://registry.npmjs.org/@babel%2fplugin-transform-react-jsx-self set size:undefined disposed:false
103 silly fetch manifest fdir@^6.5.0
104 silly packumentCache full:https://registry.npmjs.org/fdir cache-miss
105 http fetch GET 200 https://registry.npmjs.org/fdir 50ms (cache miss)
106 silly packumentCache full:https://registry.npmjs.org/fdir set size:undefined disposed:false
107 silly fetch manifest rollup@^4.43.0
108 silly packumentCache full:https://registry.npmjs.org/rollup cache-miss
109 http fetch GET 200 https://registry.npmjs.org/@babel%2fcore 564ms (cache miss)
110 silly packumentCache full:https://registry.npmjs.org/@babel%2fcore set size:undefined disposed:false
111 silly fetch manifest esbuild@^0.25.0
112 silly packumentCache full:https://registry.npmjs.org/esbuild cache-miss
113 http fetch GET 200 https://registry.npmjs.org/@babel%2fplugin-transform-react-jsx-source 279ms (cache miss)
114 silly packumentCache full:https://registry.npmjs.org/@babel%2fplugin-transform-react-jsx-source set size:undefined disposed:false
115 silly fetch manifest postcss@^8.5.6
116 silly packumentCache full:https://registry.npmjs.org/postcss cache-miss
117 http cache https://registry.npmjs.org/postcss 15ms (cache hit)
118 silly packumentCache full:https://registry.npmjs.org/postcss set size:702266 disposed:false
119 silly fetch manifest picomatch@^4.0.3
120 silly packumentCache full:https://registry.npmjs.org/picomatch cache-miss
121 http fetch GET 200 https://registry.npmjs.org/picomatch 206ms (cache miss)
122 silly packumentCache full:https://registry.npmjs.org/picomatch set size:undefined disposed:false
123 silly fetch manifest tinyglobby@^0.2.14
124 silly packumentCache full:https://registry.npmjs.org/tinyglobby cache-miss
125 http fetch GET 200 https://registry.npmjs.org/tinyglobby 45ms (cache miss)
126 silly packumentCache full:https://registry.npmjs.org/tinyglobby set size:undefined disposed:false
127 silly fetch manifest fsevents@~2.3.3
128 silly packumentCache full:https://registry.npmjs.org/fsevents cache-miss
129 http fetch GET 200 https://registry.npmjs.org/fsevents 60ms (cache miss)
130 silly packumentCache full:https://registry.npmjs.org/fsevents set size:undefined disposed:false
131 silly fetch manifest scheduler@^0.26.0
132 silly packumentCache full:https://registry.npmjs.org/scheduler cache-miss
133 http fetch GET 200 https://registry.npmjs.org/scheduler 263ms (cache miss)
134 silly packumentCache full:https://registry.npmjs.org/scheduler set size:undefined disposed:false
135 http fetch GET 200 https://registry.npmjs.org/rollup 840ms (cache miss)
136 silly packumentCache full:https://registry.npmjs.org/rollup set size:undefined disposed:false
137 http fetch GET 200 https://registry.npmjs.org/esbuild 1019ms (cache miss)
138 silly packumentCache full:https://registry.npmjs.org/esbuild set size:undefined disposed:false
139 silly placeDep ROOT @babel/core@7.29.0 OK for: @vitejs/plugin-react@5.0.2 want: ^7.28.3
140 silly placeDep ROOT @babel/plugin-transform-react-jsx-self@7.27.1 OK for: @vitejs/plugin-react@5.0.2 want: ^7.27.1
141 silly placeDep ROOT @babel/plugin-transform-react-jsx-source@7.27.1 OK for: @vitejs/plugin-react@5.0.2 want: ^7.27.1
142 silly placeDep ROOT @rolldown/pluginutils@1.0.0-beta.34 OK for: @vitejs/plugin-react@5.0.2 want: 1.0.0-beta.34
143 silly placeDep ROOT @types/babel__core@7.20.5 OK for: @vitejs/plugin-react@5.0.2 want: ^7.20.5
144 silly placeDep ROOT react-refresh@0.17.0 OK for: @vitejs/plugin-react@5.0.2 want: ^0.17.0
145 silly fetch manifest debug@^4.1.0
146 silly packumentCache full:https://registry.npmjs.org/debug cache-miss
147 silly fetch manifest json5@^2.2.3
148 silly packumentCache full:https://registry.npmjs.org/json5 cache-miss
149 silly fetch manifest semver@^6.3.1
150 silly packumentCache full:https://registry.npmjs.org/semver cache-miss
151 http fetch GET 200 https://registry.npmjs.org/json5 60ms (cache miss)
152 silly packumentCache full:https://registry.npmjs.org/json5 set size:undefined disposed:false
153 silly fetch manifest gensync@^1.0.0-beta.2
154 silly packumentCache full:https://registry.npmjs.org/gensync cache-miss
155 http fetch GET 200 https://registry.npmjs.org/debug 63ms (cache miss)
156 silly packumentCache full:https://registry.npmjs.org/debug set size:undefined disposed:false
157 silly fetch manifest @babel/types@^7.29.0
158 silly packumentCache full:https://registry.npmjs.org/@babel%2ftypes cache-miss
159 http fetch GET 200 https://registry.npmjs.org/semver 77ms (cache miss)
160 silly packumentCache full:https://registry.npmjs.org/semver set size:undefined disposed:false
161 silly fetch manifest @babel/parser@^7.29.0
162 silly packumentCache full:https://registry.npmjs.org/@babel%2fparser cache-miss
163 http fetch GET 200 https://registry.npmjs.org/@babel%2ftypes 55ms (cache miss)
164 silly packumentCache full:https://registry.npmjs.org/@babel%2ftypes set size:undefined disposed:false
165 silly fetch manifest @babel/helpers@^7.28.6
166 silly packumentCache full:https://registry.npmjs.org/@babel%2fhelpers cache-miss
167 http fetch GET 200 https://registry.npmjs.org/gensync 291ms (cache miss)
168 silly packumentCache full:https://registry.npmjs.org/gensync set size:undefined disposed:false
169 silly fetch manifest @babel/template@^7.28.6
170 silly packumentCache full:https://registry.npmjs.org/@babel%2ftemplate cache-miss
171 http fetch GET 200 https://registry.npmjs.org/@babel%2fparser 491ms (cache miss)
172 silly packumentCache full:https://registry.npmjs.org/@babel%2fparser set size:undefined disposed:false
173 silly fetch manifest @babel/traverse@^7.29.0
174 silly packumentCache full:https://registry.npmjs.org/@babel%2ftraverse cache-miss
175 http fetch GET 200 https://registry.npmjs.org/@babel%2fhelpers 800ms (cache miss)
176 silly packumentCache full:https://registry.npmjs.org/@babel%2fhelpers set size:undefined disposed:false
177 silly fetch manifest @babel/generator@^7.29.0
178 silly packumentCache full:https://registry.npmjs.org/@babel%2fgenerator cache-miss
179 http fetch GET 200 https://registry.npmjs.org/@babel%2ftraverse 471ms (cache miss)
180 silly packumentCache full:https://registry.npmjs.org/@babel%2ftraverse set size:undefined disposed:false
181 silly fetch manifest @babel/code-frame@^7.29.0
182 silly packumentCache full:https://registry.npmjs.org/@babel%2fcode-frame cache-miss
183 http fetch GET 200 https://registry.npmjs.org/@babel%2fcode-frame 69ms (cache miss)
184 silly packumentCache full:https://registry.npmjs.org/@babel%2fcode-frame set size:undefined disposed:false
185 silly fetch manifest convert-source-map@^2.0.0
186 silly packumentCache full:https://registry.npmjs.org/convert-source-map cache-miss
187 http fetch GET 200 https://registry.npmjs.org/convert-source-map 45ms (cache miss)
188 silly packumentCache full:https://registry.npmjs.org/convert-source-map set size:undefined disposed:false
189 silly fetch manifest @jridgewell/remapping@^2.3.5
190 silly packumentCache full:https://registry.npmjs.org/@jridgewell%2fremapping cache-miss
191 http fetch GET 200 https://registry.npmjs.org/@babel%2ftemplate 1140ms (cache miss)
192 silly packumentCache full:https://registry.npmjs.org/@babel%2ftemplate set size:undefined disposed:false
193 silly fetch manifest @babel/helper-module-transforms@^7.28.6
194 silly packumentCache full:https://registry.npmjs.org/@babel%2fhelper-module-transforms cache-miss
195 http fetch GET 200 https://registry.npmjs.org/@babel%2fgenerator 586ms (cache miss)
196 silly packumentCache full:https://registry.npmjs.org/@babel%2fgenerator set size:undefined disposed:false
197 silly fetch manifest @babel/helper-compilation-targets@^7.28.6
198 silly packumentCache full:https://registry.npmjs.org/@babel%2fhelper-compilation-targets cache-miss
199 http fetch GET 200 https://registry.npmjs.org/@babel%2fhelper-module-transforms 49ms (cache miss)
200 silly packumentCache full:https://registry.npmjs.org/@babel%2fhelper-module-transforms set size:undefined disposed:false
201 silly fetch manifest @babel/helper-plugin-utils@^7.27.1
202 silly packumentCache full:https://registry.npmjs.org/@babel%2fhelper-plugin-utils cache-miss
203 http fetch GET 200 https://registry.npmjs.org/@babel%2fhelper-compilation-targets 63ms (cache miss)
204 silly packumentCache full:https://registry.npmjs.org/@babel%2fhelper-compilation-targets set size:undefined disposed:false
205 silly fetch manifest @babel/helper-plugin-utils@^7.27.1
206 silly packumentCache full:https://registry.npmjs.org/@babel%2fhelper-plugin-utils cache-miss
207 http fetch GET 200 https://registry.npmjs.org/@babel%2fhelper-plugin-utils 52ms (cache miss)
208 silly packumentCache full:https://registry.npmjs.org/@babel%2fhelper-plugin-utils set size:undefined disposed:false
209 silly fetch manifest @babel/types@^7.20.7
210 silly packumentCache full:https://registry.npmjs.org/@babel%2ftypes cache-miss
211 http cache https://registry.npmjs.org/@babel%2ftypes 3ms (cache hit)
212 silly packumentCache full:https://registry.npmjs.org/@babel%2ftypes set size:487885 disposed:false
213 silly fetch manifest @babel/parser@^7.20.7
214 silly packumentCache full:https://registry.npmjs.org/@babel%2fparser cache-miss
215 http cache https://registry.npmjs.org/@babel%2fparser 9ms (cache hit)
216 silly packumentCache full:https://registry.npmjs.org/@babel%2fparser set size:718758 disposed:false
217 silly fetch manifest @types/babel__template@*
218 silly packumentCache full:https://registry.npmjs.org/@types%2fbabel__template cache-miss
219 http fetch GET 200 https://registry.npmjs.org/@babel%2fhelper-plugin-utils 65ms (cache miss)
220 silly packumentCache full:https://registry.npmjs.org/@babel%2fhelper-plugin-utils set size:undefined disposed:false
221 silly fetch manifest @types/babel__traverse@*
222 silly packumentCache full:https://registry.npmjs.org/@types%2fbabel__traverse cache-miss
223 http fetch GET 200 https://registry.npmjs.org/@jridgewell%2fremapping 502ms (cache miss)
224 silly packumentCache full:https://registry.npmjs.org/@jridgewell%2fremapping set size:undefined disposed:false
225 silly fetch manifest @types/babel__generator@*
226 silly packumentCache full:https://registry.npmjs.org/@types%2fbabel__generator cache-miss
227 http fetch GET 200 https://registry.npmjs.org/@types%2fbabel__template 49ms (cache miss)
228 silly packumentCache full:https://registry.npmjs.org/@types%2fbabel__template set size:undefined disposed:false
229 http fetch GET 200 https://registry.npmjs.org/@types%2fbabel__generator 154ms (cache miss)
230 silly packumentCache full:https://registry.npmjs.org/@types%2fbabel__generator set size:undefined disposed:false
231 http fetch GET 200 https://registry.npmjs.org/@types%2fbabel__traverse 194ms (cache miss)
232 silly packumentCache full:https://registry.npmjs.org/@types%2fbabel__traverse set size:undefined disposed:false
233 silly fetch manifest @babel/core@^7.0.0
234 silly packumentCache full:https://registry.npmjs.org/@babel%2fcore cache-miss
235 http cache https://registry.npmjs.org/@babel%2fcore 33ms (cache hit)
236 silly packumentCache full:https://registry.npmjs.org/@babel%2fcore set size:760113 disposed:false
237 silly placeDep ROOT @babel/code-frame@7.29.0 OK for: @babel/core@7.29.0 want: ^7.29.0
238 silly placeDep ROOT @babel/generator@7.29.1 OK for: @babel/core@7.29.0 want: ^7.29.0
239 silly placeDep ROOT @babel/helper-compilation-targets@7.28.6 OK for: @babel/core@7.29.0 want: ^7.28.6
240 silly placeDep ROOT @babel/helper-module-transforms@7.28.6 OK for: @babel/core@7.29.0 want: ^7.28.6
241 silly placeDep ROOT @babel/helpers@7.29.2 OK for: @babel/core@7.29.0 want: ^7.28.6
242 silly placeDep ROOT @babel/parser@7.29.2 OK for: @babel/core@7.29.0 want: ^7.29.0
243 silly placeDep ROOT @babel/template@7.28.6 OK for: @babel/core@7.29.0 want: ^7.28.6
244 silly placeDep ROOT @babel/traverse@7.29.0 OK for: @babel/core@7.29.0 want: ^7.29.0
245 silly placeDep ROOT @babel/types@7.29.0 OK for: @babel/core@7.29.0 want: ^7.29.0
246 silly placeDep ROOT @jridgewell/remapping@2.3.5 OK for: @babel/core@7.29.0 want: ^2.3.5
247 silly placeDep ROOT convert-source-map@2.0.0 OK for: @babel/core@7.29.0 want: ^2.0.0
248 silly placeDep ROOT debug@4.4.3 OK for: @babel/core@7.29.0 want: ^4.1.0
249 silly placeDep ROOT gensync@1.0.0-beta.2 OK for: @babel/core@7.29.0 want: ^1.0.0-beta.2
250 silly placeDep ROOT json5@2.2.3 OK for: @babel/core@7.29.0 want: ^2.2.3
251 silly placeDep ROOT semver@6.3.1 OK for: @babel/core@7.29.0 want: ^6.3.1
252 silly fetch manifest js-tokens@^4.0.0
253 silly packumentCache full:https://registry.npmjs.org/js-tokens cache-miss
254 silly fetch manifest picocolors@^1.1.1
255 silly packumentCache full:https://registry.npmjs.org/picocolors cache-miss
256 silly fetch manifest @babel/helper-validator-identifier@^7.28.5
257 silly packumentCache full:https://registry.npmjs.org/@babel%2fhelper-validator-identifier cache-miss
258 http fetch GET 200 https://registry.npmjs.org/picocolors 65ms (cache miss)
259 silly packumentCache full:https://registry.npmjs.org/picocolors set size:undefined disposed:false
260 silly fetch manifest jsesc@^3.0.2
261 silly packumentCache full:https://registry.npmjs.org/jsesc cache-miss
262 http fetch GET 200 https://registry.npmjs.org/js-tokens 68ms (cache miss)
263 silly packumentCache full:https://registry.npmjs.org/js-tokens set size:undefined disposed:false
264 silly fetch manifest @jridgewell/gen-mapping@^0.3.12
265 silly packumentCache full:https://registry.npmjs.org/@jridgewell%2fgen-mapping cache-miss
266 http fetch GET 200 https://registry.npmjs.org/@babel%2fhelper-validator-identifier 78ms (cache miss)
267 silly packumentCache full:https://registry.npmjs.org/@babel%2fhelper-validator-identifier set size:undefined disposed:false
268 silly fetch manifest @jridgewell/trace-mapping@^0.3.28
269 silly packumentCache full:https://registry.npmjs.org/@jridgewell%2ftrace-mapping cache-miss
270 http fetch GET 200 https://registry.npmjs.org/jsesc 69ms (cache miss)
271 silly packumentCache full:https://registry.npmjs.org/jsesc set size:undefined disposed:false
272 silly fetch manifest lru-cache@^5.1.1
273 silly packumentCache full:https://registry.npmjs.org/lru-cache cache-miss
274 http fetch GET 200 https://registry.npmjs.org/@jridgewell%2fgen-mapping 69ms (cache miss)
275 silly packumentCache full:https://registry.npmjs.org/@jridgewell%2fgen-mapping set size:undefined disposed:false
276 silly fetch manifest browserslist@^4.24.0
277 silly packumentCache full:https://registry.npmjs.org/browserslist cache-miss
278 http fetch GET 200 https://registry.npmjs.org/@jridgewell%2ftrace-mapping 80ms (cache miss)
279 silly packumentCache full:https://registry.npmjs.org/@jridgewell%2ftrace-mapping set size:undefined disposed:false
280 silly fetch manifest @babel/compat-data@^7.28.6
281 silly packumentCache full:https://registry.npmjs.org/@babel%2fcompat-data cache-miss
282 http fetch GET 200 https://registry.npmjs.org/@babel%2fcompat-data 65ms (cache miss)
283 silly packumentCache full:https://registry.npmjs.org/@babel%2fcompat-data set size:undefined disposed:false
284 silly fetch manifest @babel/helper-validator-option@^7.27.1
285 silly packumentCache full:https://registry.npmjs.org/@babel%2fhelper-validator-option cache-miss
286 http fetch GET 200 https://registry.npmjs.org/lru-cache 94ms (cache miss)
287 silly packumentCache full:https://registry.npmjs.org/lru-cache set size:undefined disposed:false
288 silly fetch manifest @babel/traverse@^7.28.6
289 silly packumentCache full:https://registry.npmjs.org/@babel%2ftraverse cache-miss
290 http cache https://registry.npmjs.org/@babel%2ftraverse 5ms (cache hit)
291 silly packumentCache full:https://registry.npmjs.org/@babel%2ftraverse set size:548722 disposed:false
292 silly fetch manifest @babel/helper-module-imports@^7.28.6
293 silly packumentCache full:https://registry.npmjs.org/@babel%2fhelper-module-imports cache-miss
294 http fetch GET 200 https://registry.npmjs.org/@babel%2fhelper-validator-option 78ms (cache miss)
295 silly packumentCache full:https://registry.npmjs.org/@babel%2fhelper-validator-option set size:undefined disposed:false
296 silly fetch manifest @babel/types@^7.28.6
297 silly packumentCache full:https://registry.npmjs.org/@babel%2ftypes cache-hit
298 silly fetch manifest debug@^4.3.1
299 silly packumentCache full:https://registry.npmjs.org/debug cache-miss
300 http cache https://registry.npmjs.org/debug 6ms (cache hit)
301 silly packumentCache full:https://registry.npmjs.org/debug set size:195840 disposed:false
302 silly fetch manifest @babel/helper-globals@^7.28.0
303 silly packumentCache full:https://registry.npmjs.org/@babel%2fhelper-globals cache-miss
304 http fetch GET 200 https://registry.npmjs.org/@babel%2fhelper-globals 454ms (cache miss)
305 silly packumentCache full:https://registry.npmjs.org/@babel%2fhelper-globals set size:undefined disposed:false
306 silly fetch manifest @babel/helper-string-parser@^7.27.1
307 silly packumentCache full:https://registry.npmjs.org/@babel%2fhelper-string-parser cache-miss
308 http fetch GET 200 https://registry.npmjs.org/@babel%2fhelper-string-parser 72ms (cache miss)
309 silly packumentCache full:https://registry.npmjs.org/@babel%2fhelper-string-parser set size:undefined disposed:false
310 silly fetch manifest @jridgewell/gen-mapping@^0.3.5
311 silly packumentCache full:https://registry.npmjs.org/@jridgewell%2fgen-mapping cache-miss
312 http cache https://registry.npmjs.org/@jridgewell%2fgen-mapping 9ms (cache hit)
313 silly packumentCache full:https://registry.npmjs.org/@jridgewell%2fgen-mapping set size:80719 disposed:false
314 silly fetch manifest @jridgewell/trace-mapping@^0.3.24
315 silly packumentCache full:https://registry.npmjs.org/@jridgewell%2ftrace-mapping cache-miss
316 http cache https://registry.npmjs.org/@jridgewell%2ftrace-mapping 4ms (cache hit)
317 silly packumentCache full:https://registry.npmjs.org/@jridgewell%2ftrace-mapping set size:170909 disposed:false
318 silly fetch manifest ms@^2.1.3
319 silly packumentCache full:https://registry.npmjs.org/ms cache-miss
320 http fetch GET 200 https://registry.npmjs.org/ms 399ms (cache miss)
321 silly packumentCache full:https://registry.npmjs.org/ms set size:undefined disposed:false
322 http fetch GET 200 https://registry.npmjs.org/@babel%2fhelper-module-imports 1058ms (cache miss)
323 silly packumentCache full:https://registry.npmjs.org/@babel%2fhelper-module-imports set size:undefined disposed:false
324 http fetch GET 200 https://registry.npmjs.org/browserslist 1174ms (cache miss)
325 silly packumentCache full:https://registry.npmjs.org/browserslist set size:undefined disposed:false
326 silly placeDep ROOT @babel/helper-validator-identifier@7.28.5 OK for: @babel/code-frame@7.29.0 want: ^7.28.5
327 silly placeDep ROOT js-tokens@4.0.0 OK for: @babel/code-frame@7.29.0 want: ^4.0.0
328 silly placeDep ROOT picocolors@1.1.1 OK for: @babel/code-frame@7.29.0 want: ^1.1.1
329 silly placeDep ROOT @jridgewell/gen-mapping@0.3.13 OK for: @babel/generator@7.29.1 want: ^0.3.12
330 silly placeDep ROOT @jridgewell/trace-mapping@0.3.31 OK for: @babel/generator@7.29.1 want: ^0.3.28
331 silly placeDep ROOT jsesc@3.1.0 OK for: @babel/generator@7.29.1 want: ^3.0.2
332 silly fetch manifest @jridgewell/sourcemap-codec@^1.5.0
333 silly packumentCache full:https://registry.npmjs.org/@jridgewell%2fsourcemap-codec cache-miss
334 silly fetch manifest @jridgewell/resolve-uri@^3.1.0
335 silly packumentCache full:https://registry.npmjs.org/@jridgewell%2fresolve-uri cache-miss
336 silly fetch manifest @jridgewell/sourcemap-codec@^1.4.14
337 silly packumentCache full:https://registry.npmjs.org/@jridgewell%2fsourcemap-codec cache-miss
338 http fetch GET 200 https://registry.npmjs.org/@jridgewell%2fsourcemap-codec 241ms (cache miss)
339 silly packumentCache full:https://registry.npmjs.org/@jridgewell%2fsourcemap-codec set size:undefined disposed:false
340 http fetch GET 200 https://registry.npmjs.org/@jridgewell%2fresolve-uri 245ms (cache miss)
341 silly packumentCache full:https://registry.npmjs.org/@jridgewell%2fresolve-uri set size:undefined disposed:false
342 http fetch GET 200 https://registry.npmjs.org/@jridgewell%2fsourcemap-codec 453ms (cache miss)
343 silly packumentCache full:https://registry.npmjs.org/@jridgewell%2fsourcemap-codec set size:undefined disposed:false
344 silly placeDep ROOT @babel/compat-data@7.29.0 OK for: @babel/helper-compilation-targets@7.28.6 want: ^7.28.6
345 silly placeDep ROOT @babel/helper-validator-option@7.27.1 OK for: @babel/helper-compilation-targets@7.28.6 want: ^7.27.1
346 silly placeDep ROOT browserslist@4.28.2 OK for: @babel/helper-compilation-targets@7.28.6 want: ^4.24.0
347 silly placeDep ROOT lru-cache@5.1.1 OK for: @babel/helper-compilation-targets@7.28.6 want: ^5.1.1
348 silly fetch manifest baseline-browser-mapping@^2.10.12
349 silly packumentCache full:https://registry.npmjs.org/baseline-browser-mapping cache-miss
350 silly fetch manifest caniuse-lite@^1.0.30001782
351 silly packumentCache full:https://registry.npmjs.org/caniuse-lite cache-miss
352 silly fetch manifest electron-to-chromium@^1.5.328
353 silly packumentCache full:https://registry.npmjs.org/electron-to-chromium cache-miss
354 http fetch GET 200 https://registry.npmjs.org/baseline-browser-mapping 102ms (cache miss)
355 silly packumentCache full:https://registry.npmjs.org/baseline-browser-mapping set size:undefined disposed:false
356 silly fetch manifest node-releases@^2.0.36
357 silly packumentCache full:https://registry.npmjs.org/node-releases cache-miss
358 http fetch GET 200 https://registry.npmjs.org/caniuse-lite 152ms (cache miss)
359 silly packumentCache full:https://registry.npmjs.org/caniuse-lite set size:undefined disposed:false
360 silly fetch manifest update-browserslist-db@^1.2.3
361 silly packumentCache full:https://registry.npmjs.org/update-browserslist-db cache-miss
362 http fetch GET 200 https://registry.npmjs.org/node-releases 216ms (cache miss)
363 silly packumentCache full:https://registry.npmjs.org/node-releases set size:undefined disposed:false
364 silly fetch manifest yallist@^3.0.2
365 silly packumentCache full:https://registry.npmjs.org/yallist cache-miss
366 http fetch GET 200 https://registry.npmjs.org/yallist 101ms (cache miss)
367 silly packumentCache full:https://registry.npmjs.org/yallist set size:undefined disposed:false
368 http fetch GET 200 https://registry.npmjs.org/update-browserslist-db 354ms (cache miss)
369 silly packumentCache full:https://registry.npmjs.org/update-browserslist-db set size:undefined disposed:false
370 http fetch GET 200 https://registry.npmjs.org/electron-to-chromium 1461ms (cache miss)
371 silly packumentCache full:https://registry.npmjs.org/electron-to-chromium set size:undefined disposed:false
372 silly placeDep ROOT @babel/helper-module-imports@7.28.6 OK for: @babel/helper-module-transforms@7.28.6 want: ^7.28.6
373 silly placeDep ROOT @babel/helper-plugin-utils@7.28.6 OK for: @babel/plugin-transform-react-jsx-self@7.27.1 want: ^7.27.1
374 silly placeDep ROOT @babel/helper-globals@7.28.0 OK for: @babel/traverse@7.29.0 want: ^7.28.0
375 silly placeDep ROOT @babel/helper-string-parser@7.27.1 OK for: @babel/types@7.29.0 want: ^7.27.1
376 silly placeDep ROOT @jridgewell/sourcemap-codec@1.5.5 OK for: @jridgewell/gen-mapping@0.3.13 want: ^1.5.0
377 silly placeDep ROOT @jridgewell/resolve-uri@3.1.2 OK for: @jridgewell/trace-mapping@0.3.31 want: ^3.1.0
378 silly placeDep ROOT @types/babel__generator@7.27.0 OK for: @types/babel__core@7.20.5 want: *
379 silly placeDep ROOT @types/babel__template@7.4.4 OK for: @types/babel__core@7.20.5 want: *
380 silly placeDep ROOT @types/babel__traverse@7.28.0 OK for: @types/babel__core@7.20.5 want: *
381 silly fetch manifest browserslist@>= 4.21.0
382 silly packumentCache full:https://registry.npmjs.org/browserslist cache-miss
383 http cache https://registry.npmjs.org/browserslist 5ms (cache hit)
384 silly packumentCache full:https://registry.npmjs.org/browserslist set size:504681 disposed:false
385 silly placeDep ROOT baseline-browser-mapping@2.10.13 OK for: browserslist@4.28.2 want: ^2.10.12
386 silly placeDep ROOT caniuse-lite@1.0.30001784 OK for: browserslist@4.28.2 want: ^1.0.30001782
387 silly placeDep ROOT electron-to-chromium@1.5.330 OK for: browserslist@4.28.2 want: ^1.5.328
388 silly placeDep ROOT node-releases@2.0.36 OK for: browserslist@4.28.2 want: ^2.0.36
389 silly placeDep ROOT update-browserslist-db@1.2.3 OK for: browserslist@4.28.2 want: ^1.2.3
390 silly fetch manifest escalade@^3.2.0
391 silly packumentCache full:https://registry.npmjs.org/escalade cache-miss
392 http fetch GET 200 https://registry.npmjs.org/escalade 83ms (cache miss)
393 silly packumentCache full:https://registry.npmjs.org/escalade set size:undefined disposed:false
394 silly placeDep ROOT ms@2.1.3 OK for: debug@4.4.3 want: ^2.1.3
395 silly placeDep ROOT yallist@3.1.1 OK for: lru-cache@5.1.1 want: ^3.0.2
396 silly placeDep ROOT scheduler@0.26.0 OK for: react-dom@19.1.1 want: ^0.26.0
397 silly placeDep ROOT escalade@3.2.0 OK for: update-browserslist-db@1.2.3 want: ^3.2.0
398 silly placeDep ROOT esbuild@0.25.12 OK for: vite@7.1.3 want: ^0.25.0
399 silly placeDep ROOT fdir@6.5.0 OK for: vite@7.1.3 want: ^6.5.0
400 silly placeDep ROOT fsevents@2.3.3 OK for: vite@7.1.3 want: ~2.3.3
401 silly placeDep ROOT picomatch@4.0.4 OK for: vite@7.1.3 want: ^4.0.3
402 silly placeDep ROOT postcss@8.5.8 OK for: vite@7.1.3 want: ^8.5.6
403 silly placeDep ROOT rollup@4.60.1 OK for: vite@7.1.3 want: ^4.43.0
404 silly placeDep ROOT tinyglobby@0.2.15 OK for: vite@7.1.3 want: ^0.2.14
405 silly fetch manifest @esbuild/aix-ppc64@0.25.12
406 silly packumentCache full:https://registry.npmjs.org/@esbuild%2faix-ppc64 cache-miss
407 silly fetch manifest @esbuild/linux-arm@0.25.12
408 silly packumentCache full:https://registry.npmjs.org/@esbuild%2flinux-arm cache-miss
409 silly fetch manifest @esbuild/linux-x64@0.25.12
410 silly packumentCache full:https://registry.npmjs.org/@esbuild%2flinux-x64 cache-miss
411 http fetch GET 200 https://registry.npmjs.org/@esbuild%2flinux-arm 242ms (cache miss)
412 silly packumentCache full:https://registry.npmjs.org/@esbuild%2flinux-arm set size:undefined disposed:false
413 silly fetch manifest @esbuild/sunos-x64@0.25.12
414 silly packumentCache full:https://registry.npmjs.org/@esbuild%2fsunos-x64 cache-miss
415 http fetch GET 200 https://registry.npmjs.org/@esbuild%2faix-ppc64 250ms (cache miss)
416 silly packumentCache full:https://registry.npmjs.org/@esbuild%2faix-ppc64 set size:undefined disposed:false
417 silly fetch manifest @esbuild/win32-x64@0.25.12
418 silly packumentCache full:https://registry.npmjs.org/@esbuild%2fwin32-x64 cache-miss
419 http fetch GET 200 https://registry.npmjs.org/@esbuild%2flinux-x64 264ms (cache miss)
420 silly packumentCache full:https://registry.npmjs.org/@esbuild%2flinux-x64 set size:undefined disposed:false
421 silly fetch manifest @esbuild/darwin-x64@0.25.12
422 silly packumentCache full:https://registry.npmjs.org/@esbuild%2fdarwin-x64 cache-miss
423 http fetch GET 200 https://registry.npmjs.org/@esbuild%2fsunos-x64 113ms (cache miss)
424 silly packumentCache full:https://registry.npmjs.org/@esbuild%2fsunos-x64 set size:undefined disposed:false
425 silly fetch manifest @esbuild/linux-ia32@0.25.12
426 silly packumentCache full:https://registry.npmjs.org/@esbuild%2flinux-ia32 cache-miss
427 http fetch GET 200 https://registry.npmjs.org/@esbuild%2fwin32-x64 123ms (cache miss)
428 silly packumentCache full:https://registry.npmjs.org/@esbuild%2fwin32-x64 set size:undefined disposed:false
429 silly fetch manifest @esbuild/netbsd-x64@0.25.12
430 silly packumentCache full:https://registry.npmjs.org/@esbuild%2fnetbsd-x64 cache-miss
431 http fetch GET 200 https://registry.npmjs.org/@esbuild%2fdarwin-x64 111ms (cache miss)
432 silly packumentCache full:https://registry.npmjs.org/@esbuild%2fdarwin-x64 set size:undefined disposed:false
433 silly fetch manifest @esbuild/win32-ia32@0.25.12
434 silly packumentCache full:https://registry.npmjs.org/@esbuild%2fwin32-ia32 cache-miss
435 http fetch GET 200 https://registry.npmjs.org/@esbuild%2flinux-ia32 67ms (cache miss)
436 silly packumentCache full:https://registry.npmjs.org/@esbuild%2flinux-ia32 set size:undefined disposed:false
437 silly fetch manifest @esbuild/android-arm@0.25.12
438 silly packumentCache full:https://registry.npmjs.org/@esbuild%2fandroid-arm cache-miss
439 http fetch GET 200 https://registry.npmjs.org/@esbuild%2fwin32-ia32 88ms (cache miss)
440 silly packumentCache full:https://registry.npmjs.org/@esbuild%2fwin32-ia32 set size:undefined disposed:false
441 silly fetch manifest @esbuild/android-x64@0.25.12
442 silly packumentCache full:https://registry.npmjs.org/@esbuild%2fandroid-x64 cache-miss
443 http fetch GET 200 https://registry.npmjs.org/@esbuild%2fandroid-arm 49ms (cache miss)
444 silly packumentCache full:https://registry.npmjs.org/@esbuild%2fandroid-arm set size:undefined disposed:false
445 silly fetch manifest @esbuild/freebsd-x64@0.25.12
446 silly packumentCache full:https://registry.npmjs.org/@esbuild%2ffreebsd-x64 cache-miss
447 http fetch GET 200 https://registry.npmjs.org/@esbuild%2fnetbsd-x64 383ms (cache miss)
448 silly packumentCache full:https://registry.npmjs.org/@esbuild%2fnetbsd-x64 set size:undefined disposed:false
449 silly fetch manifest @esbuild/linux-arm64@0.25.12
450 silly packumentCache full:https://registry.npmjs.org/@esbuild%2flinux-arm64 cache-miss
451 http fetch GET 200 https://registry.npmjs.org/@esbuild%2flinux-arm64 54ms (cache miss)
452 silly packumentCache full:https://registry.npmjs.org/@esbuild%2flinux-arm64 set size:undefined disposed:false
453 silly fetch manifest @esbuild/linux-ppc64@0.25.12
454 silly packumentCache full:https://registry.npmjs.org/@esbuild%2flinux-ppc64 cache-miss
455 http fetch GET 200 https://registry.npmjs.org/@esbuild%2fandroid-x64 455ms (cache miss)
456 silly packumentCache full:https://registry.npmjs.org/@esbuild%2fandroid-x64 set size:undefined disposed:false
457 silly fetch manifest @esbuild/linux-s390x@0.25.12
458 silly packumentCache full:https://registry.npmjs.org/@esbuild%2flinux-s390x cache-miss
459 http fetch GET 200 https://registry.npmjs.org/@esbuild%2flinux-ppc64 177ms (cache miss)
460 silly packumentCache full:https://registry.npmjs.org/@esbuild%2flinux-ppc64 set size:undefined disposed:false
461 silly fetch manifest @esbuild/openbsd-x64@0.25.12
462 silly packumentCache full:https://registry.npmjs.org/@esbuild%2fopenbsd-x64 cache-miss
463 http fetch GET 200 https://registry.npmjs.org/@esbuild%2flinux-s390x 83ms (cache miss)
464 silly packumentCache full:https://registry.npmjs.org/@esbuild%2flinux-s390x set size:undefined disposed:false
465 silly fetch manifest @esbuild/win32-arm64@0.25.12
466 silly packumentCache full:https://registry.npmjs.org/@esbuild%2fwin32-arm64 cache-miss
467 http fetch GET 200 https://registry.npmjs.org/@esbuild%2fwin32-arm64 296ms (cache miss)
468 silly packumentCache full:https://registry.npmjs.org/@esbuild%2fwin32-arm64 set size:undefined disposed:false
469 silly fetch manifest @esbuild/darwin-arm64@0.25.12
470 silly packumentCache full:https://registry.npmjs.org/@esbuild%2fdarwin-arm64 cache-miss
471 http fetch GET 200 https://registry.npmjs.org/@esbuild%2fdarwin-arm64 128ms (cache miss)
472 silly packumentCache full:https://registry.npmjs.org/@esbuild%2fdarwin-arm64 set size:undefined disposed:false
473 silly fetch manifest @esbuild/netbsd-arm64@0.25.12
474 silly packumentCache full:https://registry.npmjs.org/@esbuild%2fnetbsd-arm64 cache-miss
475 http fetch GET 200 https://registry.npmjs.org/@esbuild%2fnetbsd-arm64 68ms (cache miss)
476 silly packumentCache full:https://registry.npmjs.org/@esbuild%2fnetbsd-arm64 set size:undefined disposed:false
477 silly fetch manifest @esbuild/android-arm64@0.25.12
478 silly packumentCache full:https://registry.npmjs.org/@esbuild%2fandroid-arm64 cache-miss
479 http fetch GET 200 https://registry.npmjs.org/@esbuild%2fandroid-arm64 362ms (cache miss)
480 silly packumentCache full:https://registry.npmjs.org/@esbuild%2fandroid-arm64 set size:undefined disposed:false
481 silly fetch manifest @esbuild/freebsd-arm64@0.25.12
482 silly packumentCache full:https://registry.npmjs.org/@esbuild%2ffreebsd-arm64 cache-miss
483 http fetch GET 200 https://registry.npmjs.org/@esbuild%2ffreebsd-arm64 87ms (cache miss)
484 silly packumentCache full:https://registry.npmjs.org/@esbuild%2ffreebsd-arm64 set size:undefined disposed:false
485 silly fetch manifest @esbuild/linux-loong64@0.25.12
486 silly packumentCache full:https://registry.npmjs.org/@esbuild%2flinux-loong64 cache-miss
487 http fetch GET 200 https://registry.npmjs.org/@esbuild%2flinux-loong64 84ms (cache miss)
488 silly packumentCache full:https://registry.npmjs.org/@esbuild%2flinux-loong64 set size:undefined disposed:false
489 silly fetch manifest @esbuild/linux-riscv64@0.25.12
490 silly packumentCache full:https://registry.npmjs.org/@esbuild%2flinux-riscv64 cache-miss
491 http fetch GET 200 https://registry.npmjs.org/@esbuild%2ffreebsd-x64 1995ms (cache miss)
492 silly packumentCache full:https://registry.npmjs.org/@esbuild%2ffreebsd-x64 set size:undefined disposed:false
493 silly fetch manifest @esbuild/openbsd-arm64@0.25.12
494 silly packumentCache full:https://registry.npmjs.org/@esbuild%2fopenbsd-arm64 cache-miss
495 http fetch GET 200 https://registry.npmjs.org/@esbuild%2flinux-riscv64 644ms (cache miss)
496 silly packumentCache full:https://registry.npmjs.org/@esbuild%2flinux-riscv64 set size:undefined disposed:false
497 silly fetch manifest @esbuild/linux-mips64el@0.25.12
498 silly packumentCache full:https://registry.npmjs.org/@esbuild%2flinux-mips64el cache-miss
499 http fetch GET 200 https://registry.npmjs.org/@esbuild%2fopenbsd-arm64 441ms (cache miss)
500 silly packumentCache full:https://registry.npmjs.org/@esbuild%2fopenbsd-arm64 set size:undefined disposed:false
501 silly fetch manifest @esbuild/openharmony-arm64@0.25.12
502 silly packumentCache full:https://registry.npmjs.org/@esbuild%2fopenharmony-arm64 cache-miss
503 http fetch GET 200 https://registry.npmjs.org/@esbuild%2flinux-mips64el 269ms (cache miss)
504 silly packumentCache full:https://registry.npmjs.org/@esbuild%2flinux-mips64el set size:undefined disposed:false
505 silly fetch manifest nanoid@^3.3.11
506 silly packumentCache full:https://registry.npmjs.org/nanoid cache-miss
507 http fetch GET 200 https://registry.npmjs.org/@esbuild%2fopenharmony-arm64 76ms (cache miss)
508 silly packumentCache full:https://registry.npmjs.org/@esbuild%2fopenharmony-arm64 set size:undefined disposed:false
509 silly fetch manifest source-map-js@^1.2.1
510 silly packumentCache full:https://registry.npmjs.org/source-map-js cache-miss
511 http fetch GET 200 https://registry.npmjs.org/nanoid 76ms (cache miss)
512 silly packumentCache full:https://registry.npmjs.org/nanoid set size:undefined disposed:false
513 silly fetch manifest @types/estree@1.0.8
514 silly packumentCache full:https://registry.npmjs.org/@types%2festree cache-miss
515 http fetch GET 200 https://registry.npmjs.org/@esbuild%2fopenbsd-x64 2067ms (cache miss)
516 silly packumentCache full:https://registry.npmjs.org/@esbuild%2fopenbsd-x64 set size:undefined disposed:false
517 silly fetch manifest @rollup/rollup-darwin-arm64@4.60.1
518 silly packumentCache full:https://registry.npmjs.org/@rollup%2frollup-darwin-arm64 cache-miss
519 http fetch GET 200 https://registry.npmjs.org/source-map-js 98ms (cache miss)
520 silly packumentCache full:https://registry.npmjs.org/source-map-js set size:undefined disposed:false
521 silly fetch manifest @rollup/rollup-android-arm64@4.60.1
522 silly packumentCache full:https://registry.npmjs.org/@rollup%2frollup-android-arm64 cache-miss
523 http fetch GET 200 https://registry.npmjs.org/@types%2festree 60ms (cache miss)
524 silly packumentCache full:https://registry.npmjs.org/@types%2festree set size:undefined disposed:false
525 silly fetch manifest @rollup/rollup-win32-arm64-msvc@4.60.1
526 silly packumentCache full:https://registry.npmjs.org/@rollup%2frollup-win32-arm64-msvc cache-miss
527 http fetch GET 200 https://registry.npmjs.org/@rollup%2frollup-win32-arm64-msvc 535ms (cache miss)
528 silly packumentCache full:https://registry.npmjs.org/@rollup%2frollup-win32-arm64-msvc set size:undefined disposed:false
529 silly fetch manifest @rollup/rollup-freebsd-arm64@4.60.1
530 silly packumentCache full:https://registry.npmjs.org/@rollup%2frollup-freebsd-arm64 cache-miss
531 http fetch GET 200 https://registry.npmjs.org/@rollup%2frollup-darwin-arm64 895ms (cache miss)
532 silly packumentCache full:https://registry.npmjs.org/@rollup%2frollup-darwin-arm64 set size:undefined disposed:false
533 silly fetch manifest @rollup/rollup-linux-arm64-gnu@4.60.1
534 silly packumentCache full:https://registry.npmjs.org/@rollup%2frollup-linux-arm64-gnu cache-miss
535 http fetch GET 200 https://registry.npmjs.org/@rollup%2frollup-freebsd-arm64 365ms (cache miss)
536 silly packumentCache full:https://registry.npmjs.org/@rollup%2frollup-freebsd-arm64 set size:undefined disposed:false
537 silly fetch manifest @rollup/rollup-linux-arm64-musl@4.60.1
538 silly packumentCache full:https://registry.npmjs.org/@rollup%2frollup-linux-arm64-musl cache-miss
539 http fetch GET 200 https://registry.npmjs.org/@rollup%2frollup-android-arm64 944ms (cache miss)
540 silly packumentCache full:https://registry.npmjs.org/@rollup%2frollup-android-arm64 set size:undefined disposed:false
541 silly fetch manifest @rollup/rollup-android-arm-eabi@4.60.1
542 silly packumentCache full:https://registry.npmjs.org/@rollup%2frollup-android-arm-eabi cache-miss
543 http fetch GET 200 https://registry.npmjs.org/@rollup%2frollup-android-arm-eabi 568ms (cache miss)
544 silly packumentCache full:https://registry.npmjs.org/@rollup%2frollup-android-arm-eabi set size:undefined disposed:false
545 silly fetch manifest @rollup/rollup-linux-arm-gnueabihf@4.60.1
546 silly packumentCache full:https://registry.npmjs.org/@rollup%2frollup-linux-arm-gnueabihf cache-miss
547 http fetch GET 200 https://registry.npmjs.org/@rollup%2frollup-linux-arm64-gnu 952ms (cache miss)
548 silly packumentCache full:https://registry.npmjs.org/@rollup%2frollup-linux-arm64-gnu set size:undefined disposed:false
549 silly fetch manifest @rollup/rollup-linux-arm-musleabihf@4.60.1
550 silly packumentCache full:https://registry.npmjs.org/@rollup%2frollup-linux-arm-musleabihf cache-miss
551 http fetch GET 200 https://registry.npmjs.org/@rollup%2frollup-linux-arm64-musl 1416ms (cache miss)
552 silly packumentCache full:https://registry.npmjs.org/@rollup%2frollup-linux-arm64-musl set size:undefined disposed:false
553 silly fetch manifest @rollup/rollup-win32-ia32-msvc@4.60.1
554 silly packumentCache full:https://registry.npmjs.org/@rollup%2frollup-win32-ia32-msvc cache-miss
555 http fetch GET 200 https://registry.npmjs.org/@rollup%2frollup-linux-arm-gnueabihf 925ms (cache miss)
556 silly packumentCache full:https://registry.npmjs.org/@rollup%2frollup-linux-arm-gnueabihf set size:undefined disposed:false
557 silly fetch manifest @rollup/rollup-linux-loong64-gnu@4.60.1
558 silly packumentCache full:https://registry.npmjs.org/@rollup%2frollup-linux-loong64-gnu cache-miss
559 http fetch GET 200 https://registry.npmjs.org/@rollup%2frollup-linux-arm-musleabihf 682ms (cache miss)
560 silly packumentCache full:https://registry.npmjs.org/@rollup%2frollup-linux-arm-musleabihf set size:undefined disposed:false
561 silly fetch manifest @rollup/rollup-linux-loong64-musl@4.60.1
562 silly packumentCache full:https://registry.npmjs.org/@rollup%2frollup-linux-loong64-musl cache-miss
563 http fetch GET 200 https://registry.npmjs.org/@rollup%2frollup-linux-loong64-gnu 294ms (cache miss)
564 silly packumentCache full:https://registry.npmjs.org/@rollup%2frollup-linux-loong64-gnu set size:undefined disposed:false
565 silly fetch manifest @rollup/rollup-linux-riscv64-gnu@4.60.1
566 silly packumentCache full:https://registry.npmjs.org/@rollup%2frollup-linux-riscv64-gnu cache-miss
567 http fetch GET 200 https://registry.npmjs.org/@rollup%2frollup-linux-loong64-musl 1083ms (cache miss)
568 silly packumentCache full:https://registry.npmjs.org/@rollup%2frollup-linux-loong64-musl set size:undefined disposed:false
569 silly fetch manifest @rollup/rollup-linux-riscv64-musl@4.60.1
570 silly packumentCache full:https://registry.npmjs.org/@rollup%2frollup-linux-riscv64-musl cache-miss
571 http fetch GET 200 https://registry.npmjs.org/@rollup%2frollup-win32-ia32-msvc 1596ms (cache miss)
572 silly packumentCache full:https://registry.npmjs.org/@rollup%2frollup-win32-ia32-msvc set size:undefined disposed:false
573 silly fetch manifest @rollup/rollup-linux-ppc64-gnu@4.60.1
574 silly packumentCache full:https://registry.npmjs.org/@rollup%2frollup-linux-ppc64-gnu cache-miss
575 http fetch GET 200 https://registry.npmjs.org/@rollup%2frollup-linux-riscv64-gnu 1206ms (cache miss)
576 silly packumentCache full:https://registry.npmjs.org/@rollup%2frollup-linux-riscv64-gnu set size:undefined disposed:false
577 silly fetch manifest @rollup/rollup-linux-ppc64-musl@4.60.1
578 silly packumentCache full:https://registry.npmjs.org/@rollup%2frollup-linux-ppc64-musl cache-miss
579 http fetch GET 200 https://registry.npmjs.org/@rollup%2frollup-linux-riscv64-musl 479ms (cache miss)
580 silly packumentCache full:https://registry.npmjs.org/@rollup%2frollup-linux-riscv64-musl set size:undefined disposed:false
581 silly fetch manifest @rollup/rollup-linux-s390x-gnu@4.60.1
582 silly packumentCache full:https://registry.npmjs.org/@rollup%2frollup-linux-s390x-gnu cache-miss
583 http fetch GET 200 https://registry.npmjs.org/@rollup%2frollup-linux-ppc64-musl 620ms (cache miss)
584 silly packumentCache full:https://registry.npmjs.org/@rollup%2frollup-linux-ppc64-musl set size:undefined disposed:false
585 silly fetch manifest @rollup/rollup-darwin-x64@4.60.1
586 silly packumentCache full:https://registry.npmjs.org/@rollup%2frollup-darwin-x64 cache-miss
587 http fetch GET 200 https://registry.npmjs.org/@rollup%2frollup-darwin-x64 388ms (cache miss)
588 silly packumentCache full:https://registry.npmjs.org/@rollup%2frollup-darwin-x64 set size:undefined disposed:false
589 silly fetch manifest @rollup/rollup-win32-x64-gnu@4.60.1
590 silly packumentCache full:https://registry.npmjs.org/@rollup%2frollup-win32-x64-gnu cache-miss
591 http fetch GET 200 https://registry.npmjs.org/@rollup%2frollup-linux-s390x-gnu 956ms (cache miss)
592 silly packumentCache full:https://registry.npmjs.org/@rollup%2frollup-linux-s390x-gnu set size:undefined disposed:false
593 silly fetch manifest @rollup/rollup-win32-x64-msvc@4.60.1
594 silly packumentCache full:https://registry.npmjs.org/@rollup%2frollup-win32-x64-msvc cache-miss
595 http fetch GET 200 https://registry.npmjs.org/@rollup%2frollup-linux-ppc64-gnu 1190ms (cache miss)
596 silly packumentCache full:https://registry.npmjs.org/@rollup%2frollup-linux-ppc64-gnu set size:undefined disposed:false
597 silly fetch manifest @rollup/rollup-freebsd-x64@4.60.1
598 silly packumentCache full:https://registry.npmjs.org/@rollup%2frollup-freebsd-x64 cache-miss
599 http fetch GET 200 https://registry.npmjs.org/@rollup%2frollup-win32-x64-msvc 523ms (cache miss)
600 silly packumentCache full:https://registry.npmjs.org/@rollup%2frollup-win32-x64-msvc set size:undefined disposed:false
601 silly fetch manifest @rollup/rollup-linux-x64-gnu@4.60.1
602 silly packumentCache full:https://registry.npmjs.org/@rollup%2frollup-linux-x64-gnu cache-miss
603 http fetch GET 200 https://registry.npmjs.org/@rollup%2frollup-freebsd-x64 658ms (cache miss)
604 silly packumentCache full:https://registry.npmjs.org/@rollup%2frollup-freebsd-x64 set size:undefined disposed:false
605 silly fetch manifest @rollup/rollup-linux-x64-musl@4.60.1
606 silly packumentCache full:https://registry.npmjs.org/@rollup%2frollup-linux-x64-musl cache-miss
607 http fetch GET 200 https://registry.npmjs.org/@rollup%2frollup-linux-x64-gnu 501ms (cache miss)
608 silly packumentCache full:https://registry.npmjs.org/@rollup%2frollup-linux-x64-gnu set size:undefined disposed:false
609 silly fetch manifest @rollup/rollup-openbsd-x64@4.60.1
610 silly packumentCache full:https://registry.npmjs.org/@rollup%2frollup-openbsd-x64 cache-miss
611 http fetch GET 200 https://registry.npmjs.org/@rollup%2frollup-win32-x64-gnu 1218ms (cache miss)
612 silly packumentCache full:https://registry.npmjs.org/@rollup%2frollup-win32-x64-gnu set size:undefined disposed:false
613 silly fetch manifest @rollup/rollup-openharmony-arm64@4.60.1
614 silly packumentCache full:https://registry.npmjs.org/@rollup%2frollup-openharmony-arm64 cache-miss
615 http fetch GET 200 https://registry.npmjs.org/@rollup%2frollup-openharmony-arm64 369ms (cache miss)
616 silly packumentCache full:https://registry.npmjs.org/@rollup%2frollup-openharmony-arm64 set size:undefined disposed:false
617 http fetch GET 200 https://registry.npmjs.org/@rollup%2frollup-linux-x64-musl 869ms (cache miss)
618 silly packumentCache full:https://registry.npmjs.org/@rollup%2frollup-linux-x64-musl set size:undefined disposed:false
619 http fetch GET 200 https://registry.npmjs.org/@rollup%2frollup-openbsd-x64 1581ms (cache miss)
620 silly packumentCache full:https://registry.npmjs.org/@rollup%2frollup-openbsd-x64 set size:undefined disposed:false
621 silly placeDep ROOT @esbuild/aix-ppc64@0.25.12 OK for: esbuild@0.25.12 want: 0.25.12
622 silly placeDep ROOT @esbuild/android-arm@0.25.12 OK for: esbuild@0.25.12 want: 0.25.12
623 silly placeDep ROOT @esbuild/android-arm64@0.25.12 OK for: esbuild@0.25.12 want: 0.25.12
624 silly placeDep ROOT @esbuild/android-x64@0.25.12 OK for: esbuild@0.25.12 want: 0.25.12
625 silly placeDep ROOT @esbuild/darwin-arm64@0.25.12 OK for: esbuild@0.25.12 want: 0.25.12
626 silly placeDep ROOT @esbuild/darwin-x64@0.25.12 OK for: esbuild@0.25.12 want: 0.25.12
627 silly placeDep ROOT @esbuild/freebsd-arm64@0.25.12 OK for: esbuild@0.25.12 want: 0.25.12
628 silly placeDep ROOT @esbuild/freebsd-x64@0.25.12 OK for: esbuild@0.25.12 want: 0.25.12
629 silly placeDep ROOT @esbuild/linux-arm@0.25.12 OK for: esbuild@0.25.12 want: 0.25.12
630 silly placeDep ROOT @esbuild/linux-arm64@0.25.12 OK for: esbuild@0.25.12 want: 0.25.12
631 silly placeDep ROOT @esbuild/linux-ia32@0.25.12 OK for: esbuild@0.25.12 want: 0.25.12
632 silly placeDep ROOT @esbuild/linux-loong64@0.25.12 OK for: esbuild@0.25.12 want: 0.25.12
633 silly placeDep ROOT @esbuild/linux-mips64el@0.25.12 OK for: esbuild@0.25.12 want: 0.25.12
634 silly placeDep ROOT @esbuild/linux-ppc64@0.25.12 OK for: esbuild@0.25.12 want: 0.25.12
635 silly placeDep ROOT @esbuild/linux-riscv64@0.25.12 OK for: esbuild@0.25.12 want: 0.25.12
636 silly placeDep ROOT @esbuild/linux-s390x@0.25.12 OK for: esbuild@0.25.12 want: 0.25.12
637 silly placeDep ROOT @esbuild/linux-x64@0.25.12 OK for: esbuild@0.25.12 want: 0.25.12
638 silly placeDep ROOT @esbuild/netbsd-arm64@0.25.12 OK for: esbuild@0.25.12 want: 0.25.12
639 silly placeDep ROOT @esbuild/netbsd-x64@0.25.12 OK for: esbuild@0.25.12 want: 0.25.12
640 silly placeDep ROOT @esbuild/openbsd-arm64@0.25.12 OK for: esbuild@0.25.12 want: 0.25.12
641 silly placeDep ROOT @esbuild/openbsd-x64@0.25.12 OK for: esbuild@0.25.12 want: 0.25.12
642 silly placeDep ROOT @esbuild/openharmony-arm64@0.25.12 OK for: esbuild@0.25.12 want: 0.25.12
643 silly placeDep ROOT @esbuild/sunos-x64@0.25.12 OK for: esbuild@0.25.12 want: 0.25.12
644 silly placeDep ROOT @esbuild/win32-arm64@0.25.12 OK for: esbuild@0.25.12 want: 0.25.12
645 silly placeDep ROOT @esbuild/win32-ia32@0.25.12 OK for: esbuild@0.25.12 want: 0.25.12
646 silly placeDep ROOT @esbuild/win32-x64@0.25.12 OK for: esbuild@0.25.12 want: 0.25.12
647 silly placeDep ROOT nanoid@3.3.11 OK for: postcss@8.5.8 want: ^3.3.11
648 silly placeDep ROOT source-map-js@1.2.1 OK for: postcss@8.5.8 want: ^1.2.1
649 silly placeDep ROOT @rollup/rollup-android-arm-eabi@4.60.1 OK for: rollup@4.60.1 want: 4.60.1
650 silly placeDep ROOT @rollup/rollup-android-arm64@4.60.1 OK for: rollup@4.60.1 want: 4.60.1
651 silly placeDep ROOT @rollup/rollup-darwin-arm64@4.60.1 OK for: rollup@4.60.1 want: 4.60.1
652 silly placeDep ROOT @rollup/rollup-darwin-x64@4.60.1 OK for: rollup@4.60.1 want: 4.60.1
653 silly placeDep ROOT @rollup/rollup-freebsd-arm64@4.60.1 OK for: rollup@4.60.1 want: 4.60.1
654 silly placeDep ROOT @rollup/rollup-freebsd-x64@4.60.1 OK for: rollup@4.60.1 want: 4.60.1
655 silly placeDep ROOT @rollup/rollup-linux-arm-gnueabihf@4.60.1 OK for: rollup@4.60.1 want: 4.60.1
656 silly placeDep ROOT @rollup/rollup-linux-arm-musleabihf@4.60.1 OK for: rollup@4.60.1 want: 4.60.1
657 silly placeDep ROOT @rollup/rollup-linux-arm64-gnu@4.60.1 OK for: rollup@4.60.1 want: 4.60.1
658 silly placeDep ROOT @rollup/rollup-linux-arm64-musl@4.60.1 OK for: rollup@4.60.1 want: 4.60.1
659 silly placeDep ROOT @rollup/rollup-linux-loong64-gnu@4.60.1 OK for: rollup@4.60.1 want: 4.60.1
660 silly placeDep ROOT @rollup/rollup-linux-loong64-musl@4.60.1 OK for: rollup@4.60.1 want: 4.60.1
661 silly placeDep ROOT @rollup/rollup-linux-ppc64-gnu@4.60.1 OK for: rollup@4.60.1 want: 4.60.1
662 silly placeDep ROOT @rollup/rollup-linux-ppc64-musl@4.60.1 OK for: rollup@4.60.1 want: 4.60.1
663 silly placeDep ROOT @rollup/rollup-linux-riscv64-gnu@4.60.1 OK for: rollup@4.60.1 want: 4.60.1
664 silly placeDep ROOT @rollup/rollup-linux-riscv64-musl@4.60.1 OK for: rollup@4.60.1 want: 4.60.1
665 silly placeDep ROOT @rollup/rollup-linux-s390x-gnu@4.60.1 OK for: rollup@4.60.1 want: 4.60.1
666 silly placeDep ROOT @rollup/rollup-linux-x64-gnu@4.60.1 OK for: rollup@4.60.1 want: 4.60.1
667 silly placeDep ROOT @rollup/rollup-linux-x64-musl@4.60.1 OK for: rollup@4.60.1 want: 4.60.1
668 silly placeDep ROOT @rollup/rollup-openbsd-x64@4.60.1 OK for: rollup@4.60.1 want: 4.60.1
669 silly placeDep ROOT @rollup/rollup-openharmony-arm64@4.60.1 OK for: rollup@4.60.1 want: 4.60.1
670 silly placeDep ROOT @rollup/rollup-win32-arm64-msvc@4.60.1 OK for: rollup@4.60.1 want: 4.60.1
671 silly placeDep ROOT @rollup/rollup-win32-ia32-msvc@4.60.1 OK for: rollup@4.60.1 want: 4.60.1
672 silly placeDep ROOT @rollup/rollup-win32-x64-gnu@4.60.1 OK for: rollup@4.60.1 want: 4.60.1
673 silly placeDep ROOT @rollup/rollup-win32-x64-msvc@4.60.1 OK for: rollup@4.60.1 want: 4.60.1
674 silly placeDep ROOT @types/estree@1.0.8 OK for: rollup@4.60.1 want: 1.0.8
675 silly reify moves {}
676 silly audit bulk request {
676 silly audit   '@vitejs/plugin-react': [ '5.0.2' ],
676 silly audit   vite: [ '7.1.3' ],
676 silly audit   react: [ '19.1.1' ],
676 silly audit   'react-dom': [ '19.1.1' ],
676 silly audit   '@babel/core': [ '7.29.0' ],
676 silly audit   '@babel/plugin-transform-react-jsx-self': [ '7.27.1' ],
676 silly audit   '@babel/plugin-transform-react-jsx-source': [ '7.27.1' ],
676 silly audit   '@rolldown/pluginutils': [ '1.0.0-beta.34' ],
676 silly audit   '@types/babel__core': [ '7.20.5' ],
676 silly audit   'react-refresh': [ '0.17.0' ],
676 silly audit   '@babel/code-frame': [ '7.29.0' ],
676 silly audit   '@babel/generator': [ '7.29.1' ],
676 silly audit   '@babel/helper-compilation-targets': [ '7.28.6' ],
676 silly audit   '@babel/helper-module-transforms': [ '7.28.6' ],
676 silly audit   '@babel/helpers': [ '7.29.2' ],
676 silly audit   '@babel/parser': [ '7.29.2' ],
676 silly audit   '@babel/template': [ '7.28.6' ],
676 silly audit   '@babel/traverse': [ '7.29.0' ],
676 silly audit   '@babel/types': [ '7.29.0' ],
676 silly audit   '@jridgewell/remapping': [ '2.3.5' ],
676 silly audit   'convert-source-map': [ '2.0.0' ],
676 silly audit   debug: [ '4.4.3' ],
676 silly audit   gensync: [ '1.0.0-beta.2' ],
676 silly audit   json5: [ '2.2.3' ],
676 silly audit   semver: [ '6.3.1' ],
676 silly audit   '@babel/helper-validator-identifier': [ '7.28.5' ],
676 silly audit   'js-tokens': [ '4.0.0' ],
676 silly audit   picocolors: [ '1.1.1' ],
676 silly audit   '@jridgewell/gen-mapping': [ '0.3.13' ],
676 silly audit   '@jridgewell/trace-mapping': [ '0.3.31' ],
676 silly audit   jsesc: [ '3.1.0' ],
676 silly audit   '@babel/compat-data': [ '7.29.0' ],
676 silly audit   '@babel/helper-validator-option': [ '7.27.1' ],
676 silly audit   browserslist: [ '4.28.2' ],
676 silly audit   'lru-cache': [ '5.1.1' ],
676 silly audit   '@babel/helper-module-imports': [ '7.28.6' ],
676 silly audit   '@babel/helper-plugin-utils': [ '7.28.6' ],
676 silly audit   '@babel/helper-globals': [ '7.28.0' ],
676 silly audit   '@babel/helper-string-parser': [ '7.27.1' ],
676 silly audit   '@jridgewell/sourcemap-codec': [ '1.5.5' ],
676 silly audit   '@jridgewell/resolve-uri': [ '3.1.2' ],
676 silly audit   '@types/babel__generator': [ '7.27.0' ],
676 silly audit   '@types/babel__template': [ '7.4.4' ],
676 silly audit   '@types/babel__traverse': [ '7.28.0' ],
676 silly audit   'baseline-browser-mapping': [ '2.10.13' ],
676 silly audit   'caniuse-lite': [ '1.0.30001784' ],
676 silly audit   'electron-to-chromium': [ '1.5.330' ],
676 silly audit   'node-releases': [ '2.0.36' ],
676 silly audit   'update-browserslist-db': [ '1.2.3' ],
676 silly audit   ms: [ '2.1.3' ],
676 silly audit   yallist: [ '3.1.1' ],
676 silly audit   scheduler: [ '0.26.0' ],
676 silly audit   escalade: [ '3.2.0' ],
676 silly audit   esbuild: [ '0.25.12' ],
676 silly audit   fdir: [ '6.5.0' ],
676 silly audit   fsevents: [ '2.3.3' ],
676 silly audit   picomatch: [ '4.0.4' ],
676 silly audit   postcss: [ '8.5.8' ],
676 silly audit   rollup: [ '4.60.1' ],
676 silly audit   tinyglobby: [ '0.2.15' ],
676 silly audit   '@esbuild/aix-ppc64': [ '0.25.12' ],
676 silly audit   '@esbuild/android-arm': [ '0.25.12' ],
676 silly audit   '@esbuild/android-arm64': [ '0.25.12' ],
676 silly audit   '@esbuild/android-x64': [ '0.25.12' ],
676 silly audit   '@esbuild/darwin-arm64': [ '0.25.12' ],
676 silly audit   '@esbuild/darwin-x64': [ '0.25.12' ],
676 silly audit   '@esbuild/freebsd-arm64': [ '0.25.12' ],
676 silly audit   '@esbuild/freebsd-x64': [ '0.25.12' ],
676 silly audit   '@esbuild/linux-arm': [ '0.25.12' ],
676 silly audit   '@esbuild/linux-arm64': [ '0.25.12' ],
676 silly audit   '@esbuild/linux-ia32': [ '0.25.12' ],
676 silly audit   '@esbuild/linux-loong64': [ '0.25.12' ],
676 silly audit   '@esbuild/linux-mips64el': [ '0.25.12' ],
676 silly audit   '@esbuild/linux-ppc64': [ '0.25.12' ],
676 silly audit   '@esbuild/linux-riscv64': [ '0.25.12' ],
676 silly audit   '@esbuild/linux-s390x': [ '0.25.12' ],
676 silly audit   '@esbuild/linux-x64': [ '0.25.12' ],
676 silly audit   '@esbuild/netbsd-arm64': [ '0.25.12' ],
676 silly audit   '@esbuild/netbsd-x64': [ '0.25.12' ],
676 silly audit   '@esbuild/openbsd-arm64': [ '0.25.12' ],
676 silly audit   '@esbuild/openbsd-x64': [ '0.25.12' ],
676 silly audit   '@esbuild/openharmony-arm64': [ '0.25.12' ],
676 silly audit   '@esbuild/sunos-x64': [ '0.25.12' ],
676 silly audit   '@esbuild/win32-arm64': [ '0.25.12' ],
676 silly audit   '@esbuild/win32-ia32': [ '0.25.12' ],
676 silly audit   '@esbuild/win32-x64': [ '0.25.12' ],
676 silly audit   nanoid: [ '3.3.11' ],
676 silly audit   'source-map-js': [ '1.2.1' ],
676 silly audit   '@rollup/rollup-android-arm-eabi': [ '4.60.1' ],
676 silly audit   '@rollup/rollup-android-arm64': [ '4.60.1' ],
676 silly audit   '@rollup/rollup-darwin-arm64': [ '4.60.1' ],
676 silly audit   '@rollup/rollup-darwin-x64': [ '4.60.1' ],
676 silly audit   '@rollup/rollup-freebsd-arm64': [ '4.60.1' ],
676 silly audit   '@rollup/rollup-freebsd-x64': [ '4.60.1' ],
676 silly audit   '@rollup/rollup-linux-arm-gnueabihf': [ '4.60.1' ],
676 silly audit   '@rollup/rollup-linux-arm-musleabihf': [ '4.60.1' ],
676 silly audit   '@rollup/rollup-linux-arm64-gnu': [ '4.60.1' ],
676 silly audit   '@rollup/rollup-linux-arm64-musl': [ '4.60.1' ],
676 silly audit   '@rollup/rollup-linux-loong64-gnu': [ '4.60.1' ],
676 silly audit   '@rollup/rollup-linux-loong64-musl': [ '4.60.1' ],
676 silly audit   '@rollup/rollup-linux-ppc64-gnu': [ '4.60.1' ],
676 silly audit   '@rollup/rollup-linux-ppc64-musl': [ '4.60.1' ],
676 silly audit   '@rollup/rollup-linux-riscv64-gnu': [ '4.60.1' ],
676 silly audit   '@rollup/rollup-linux-riscv64-musl': [ '4.60.1' ],
676 silly audit   '@rollup/rollup-linux-s390x-gnu': [ '4.60.1' ],
676 silly audit   '@rollup/rollup-linux-x64-gnu': [ '4.60.1' ],
676 silly audit   '@rollup/rollup-linux-x64-musl': [ '4.60.1' ],
676 silly audit   '@rollup/rollup-openbsd-x64': [ '4.60.1' ],
676 silly audit   '@rollup/rollup-openharmony-arm64': [ '4.60.1' ],
676 silly audit   '@rollup/rollup-win32-arm64-msvc': [ '4.60.1' ],
676 silly audit   '@rollup/rollup-win32-ia32-msvc': [ '4.60.1' ],
676 silly audit   '@rollup/rollup-win32-x64-gnu': [ '4.60.1' ],
676 silly audit   '@rollup/rollup-win32-x64-msvc': [ '4.60.1' ],
676 silly audit   '@types/estree': [ '1.0.8' ]
676 silly audit }
677 http cache @types/estree@https://registry.npmjs.org/@types/estree/-/estree-1.0.8.tgz 0ms (cache hit)
678 http cache source-map-js@https://registry.npmjs.org/source-map-js/-/source-map-js-1.2.1.tgz 0ms (cache hit)
679 http cache tinyglobby@https://registry.npmjs.org/tinyglobby/-/tinyglobby-0.2.15.tgz 0ms (cache hit)
680 http cache @esbuild/darwin-x64@https://registry.npmjs.org/@esbuild/darwin-x64/-/darwin-x64-0.25.12.tgz 0ms (cache hit)
681 http cache nanoid@https://registry.npmjs.org/nanoid/-/nanoid-3.3.11.tgz 0ms (cache hit)
682 http cache postcss@https://registry.npmjs.org/postcss/-/postcss-8.5.8.tgz 0ms (cache hit)
683 http cache picomatch@https://registry.npmjs.org/picomatch/-/picomatch-4.0.4.tgz 0ms (cache hit)
684 http cache rollup@https://registry.npmjs.org/rollup/-/rollup-4.60.1.tgz 0ms (cache hit)
685 http cache fsevents@https://registry.npmjs.org/fsevents/-/fsevents-2.3.3.tgz 0ms (cache hit)
686 http cache @rollup/rollup-darwin-x64@https://registry.npmjs.org/@rollup/rollup-darwin-x64/-/rollup-darwin-x64-4.60.1.tgz 0ms (cache hit)
687 http cache fdir@https://registry.npmjs.org/fdir/-/fdir-6.5.0.tgz 0ms (cache hit)
688 http cache escalade@https://registry.npmjs.org/escalade/-/escalade-3.2.0.tgz 0ms (cache hit)
689 http cache esbuild@https://registry.npmjs.org/esbuild/-/esbuild-0.25.12.tgz 0ms (cache hit)
690 http cache scheduler@https://registry.npmjs.org/scheduler/-/scheduler-0.26.0.tgz 0ms (cache hit)
691 http cache yallist@https://registry.npmjs.org/yallist/-/yallist-3.1.1.tgz 0ms (cache hit)
692 http cache ms@https://registry.npmjs.org/ms/-/ms-2.1.3.tgz 0ms (cache hit)
693 http cache node-releases@https://registry.npmjs.org/node-releases/-/node-releases-2.0.36.tgz 0ms (cache hit)
694 http cache update-browserslist-db@https://registry.npmjs.org/update-browserslist-db/-/update-browserslist-db-1.2.3.tgz 0ms (cache hit)
695 http cache electron-to-chromium@https://registry.npmjs.org/electron-to-chromium/-/electron-to-chromium-1.5.330.tgz 0ms (cache hit)
696 http cache caniuse-lite@https://registry.npmjs.org/caniuse-lite/-/caniuse-lite-1.0.30001784.tgz 0ms (cache hit)
697 http cache baseline-browser-mapping@https://registry.npmjs.org/baseline-browser-mapping/-/baseline-browser-mapping-2.10.13.tgz 0ms (cache hit)
698 http cache @types/babel__traverse@https://registry.npmjs.org/@types/babel__traverse/-/babel__traverse-7.28.0.tgz 0ms (cache hit)
699 http cache @types/babel__template@https://registry.npmjs.org/@types/babel__template/-/babel__template-7.4.4.tgz 0ms (cache hit)
700 http cache @types/babel__generator@https://registry.npmjs.org/@types/babel__generator/-/babel__generator-7.27.0.tgz 0ms (cache hit)
701 http cache @jridgewell/resolve-uri@https://registry.npmjs.org/@jridgewell/resolve-uri/-/resolve-uri-3.1.2.tgz 0ms (cache hit)
702 http cache @babel/helper-globals@https://registry.npmjs.org/@babel/helper-globals/-/helper-globals-7.28.0.tgz 0ms (cache hit)
703 http cache @babel/helper-string-parser@https://registry.npmjs.org/@babel/helper-string-parser/-/helper-string-parser-7.27.1.tgz 0ms (cache hit)
704 http cache lru-cache@https://registry.npmjs.org/lru-cache/-/lru-cache-5.1.1.tgz 0ms (cache hit)
705 http cache @babel/helper-module-imports@https://registry.npmjs.org/@babel/helper-module-imports/-/helper-module-imports-7.28.6.tgz 0ms (cache hit)
706 http cache @babel/helper-validator-option@https://registry.npmjs.org/@babel/helper-validator-option/-/helper-validator-option-7.27.1.tgz 0ms (cache hit)
707 http cache @babel/helper-plugin-utils@https://registry.npmjs.org/@babel/helper-plugin-utils/-/helper-plugin-utils-7.28.6.tgz 0ms (cache hit)
708 http cache @babel/compat-data@https://registry.npmjs.org/@babel/compat-data/-/compat-data-7.29.0.tgz 0ms (cache hit)
709 http cache jsesc@https://registry.npmjs.org/jsesc/-/jsesc-3.1.0.tgz 0ms (cache hit)
710 http cache @jridgewell/trace-mapping@https://registry.npmjs.org/@jridgewell/trace-mapping/-/trace-mapping-0.3.31.tgz 0ms (cache hit)
711 http cache @jridgewell/gen-mapping@https://registry.npmjs.org/@jridgewell/gen-mapping/-/gen-mapping-0.3.13.tgz 0ms (cache hit)
712 http cache picocolors@https://registry.npmjs.org/picocolors/-/picocolors-1.1.1.tgz 0ms (cache hit)
713 http cache js-tokens@https://registry.npmjs.org/js-tokens/-/js-tokens-4.0.0.tgz 0ms (cache hit)
714 http cache @babel/helper-validator-identifier@https://registry.npmjs.org/@babel/helper-validator-identifier/-/helper-validator-identifier-7.28.5.tgz 0ms (cache hit)
715 http cache semver@https://registry.npmjs.org/semver/-/semver-6.3.1.tgz 0ms (cache hit)
716 http cache gensync@https://registry.npmjs.org/gensync/-/gensync-1.0.0-beta.2.tgz 0ms (cache hit)
717 http cache json5@https://registry.npmjs.org/json5/-/json5-2.2.3.tgz 0ms (cache hit)
718 http cache debug@https://registry.npmjs.org/debug/-/debug-4.4.3.tgz 0ms (cache hit)
719 http cache @jridgewell/remapping@https://registry.npmjs.org/@jridgewell/remapping/-/remapping-2.3.5.tgz 0ms (cache hit)
720 http cache @babel/types@https://registry.npmjs.org/@babel/types/-/types-7.29.0.tgz 0ms (cache hit)
721 http cache @babel/traverse@https://registry.npmjs.org/@babel/traverse/-/traverse-7.29.0.tgz 0ms (cache hit)
722 http cache @babel/template@https://registry.npmjs.org/@babel/template/-/template-7.28.6.tgz 0ms (cache hit)
723 http cache @babel/parser@https://registry.npmjs.org/@babel/parser/-/parser-7.29.2.tgz 0ms (cache hit)
724 http cache @babel/helpers@https://registry.npmjs.org/@babel/helpers/-/helpers-7.29.2.tgz 0ms (cache hit)
725 http cache @babel/helper-module-transforms@https://registry.npmjs.org/@babel/helper-module-transforms/-/helper-module-transforms-7.28.6.tgz 0ms (cache hit)
726 http cache @babel/helper-compilation-targets@https://registry.npmjs.org/@babel/helper-compilation-targets/-/helper-compilation-targets-7.28.6.tgz 0ms (cache hit)
727 http cache @babel/generator@https://registry.npmjs.org/@babel/generator/-/generator-7.29.1.tgz 0ms (cache hit)
728 http cache @babel/code-frame@https://registry.npmjs.org/@babel/code-frame/-/code-frame-7.29.0.tgz 0ms (cache hit)
729 http cache react-refresh@https://registry.npmjs.org/react-refresh/-/react-refresh-0.17.0.tgz 0ms (cache hit)
730 http cache convert-source-map@https://registry.npmjs.org/convert-source-map/-/convert-source-map-2.0.0.tgz 0ms (cache hit)
731 http cache @types/babel__core@https://registry.npmjs.org/@types/babel__core/-/babel__core-7.20.5.tgz 0ms (cache hit)
732 http cache @rolldown/pluginutils@https://registry.npmjs.org/@rolldown/pluginutils/-/pluginutils-1.0.0-beta.34.tgz 1ms (cache hit)
733 http cache @babel/plugin-transform-react-jsx-source@https://registry.npmjs.org/@babel/plugin-transform-react-jsx-source/-/plugin-transform-react-jsx-source-7.27.1.tgz 0ms (cache hit)
734 http cache @babel/plugin-transform-react-jsx-self@https://registry.npmjs.org/@babel/plugin-transform-react-jsx-self/-/plugin-transform-react-jsx-self-7.27.1.tgz 0ms (cache hit)
735 http cache @babel/core@https://registry.npmjs.org/@babel/core/-/core-7.29.0.tgz 0ms (cache hit)
736 http cache react@https://registry.npmjs.org/react/-/react-19.1.1.tgz 0ms (cache hit)
737 http cache browserslist@https://registry.npmjs.org/browserslist/-/browserslist-4.28.2.tgz 0ms (cache hit)
738 http cache @vitejs/plugin-react@https://registry.npmjs.org/@vitejs/plugin-react/-/plugin-react-5.0.2.tgz 0ms (cache hit)
739 http cache @jridgewell/sourcemap-codec@https://registry.npmjs.org/@jridgewell/sourcemap-codec/-/sourcemap-codec-1.5.5.tgz 0ms (cache hit)
740 silly tarball no local data for @types/estree@https://registry.npmjs.org/@types/estree/-/estree-1.0.8.tgz. Extracting by manifest.
741 silly tarball no local data for source-map-js@https://registry.npmjs.org/source-map-js/-/source-map-js-1.2.1.tgz. Extracting by manifest.
742 silly tarball no local data for tinyglobby@https://registry.npmjs.org/tinyglobby/-/tinyglobby-0.2.15.tgz. Extracting by manifest.
743 silly tarball no local data for @esbuild/darwin-x64@https://registry.npmjs.org/@esbuild/darwin-x64/-/darwin-x64-0.25.12.tgz. Extracting by manifest.
744 silly tarball no local data for nanoid@https://registry.npmjs.org/nanoid/-/nanoid-3.3.11.tgz. Extracting by manifest.
745 silly tarball no local data for postcss@https://registry.npmjs.org/postcss/-/postcss-8.5.8.tgz. Extracting by manifest.
746 silly tarball no local data for picomatch@https://registry.npmjs.org/picomatch/-/picomatch-4.0.4.tgz. Extracting by manifest.
747 silly tarball no local data for rollup@https://registry.npmjs.org/rollup/-/rollup-4.60.1.tgz. Extracting by manifest.
748 silly tarball no local data for fsevents@https://registry.npmjs.org/fsevents/-/fsevents-2.3.3.tgz. Extracting by manifest.
749 silly tarball no local data for @rollup/rollup-darwin-x64@https://registry.npmjs.org/@rollup/rollup-darwin-x64/-/rollup-darwin-x64-4.60.1.tgz. Extracting by manifest.
750 silly tarball no local data for fdir@https://registry.npmjs.org/fdir/-/fdir-6.5.0.tgz. Extracting by manifest.
751 silly tarball no local data for escalade@https://registry.npmjs.org/escalade/-/escalade-3.2.0.tgz. Extracting by manifest.
752 silly tarball no local data for esbuild@https://registry.npmjs.org/esbuild/-/esbuild-0.25.12.tgz. Extracting by manifest.
753 silly tarball no local data for scheduler@https://registry.npmjs.org/scheduler/-/scheduler-0.26.0.tgz. Extracting by manifest.
754 silly tarball no local data for yallist@https://registry.npmjs.org/yallist/-/yallist-3.1.1.tgz. Extracting by manifest.
755 silly tarball no local data for ms@https://registry.npmjs.org/ms/-/ms-2.1.3.tgz. Extracting by manifest.
756 silly tarball no local data for node-releases@https://registry.npmjs.org/node-releases/-/node-releases-2.0.36.tgz. Extracting by manifest.
757 silly tarball no local data for update-browserslist-db@https://registry.npmjs.org/update-browserslist-db/-/update-browserslist-db-1.2.3.tgz. Extracting by manifest.
758 silly tarball no local data for electron-to-chromium@https://registry.npmjs.org/electron-to-chromium/-/electron-to-chromium-1.5.330.tgz. Extracting by manifest.
759 silly tarball no local data for caniuse-lite@https://registry.npmjs.org/caniuse-lite/-/caniuse-lite-1.0.30001784.tgz. Extracting by manifest.
760 silly tarball no local data for baseline-browser-mapping@https://registry.npmjs.org/baseline-browser-mapping/-/baseline-browser-mapping-2.10.13.tgz. Extracting by manifest.
761 silly tarball no local data for @types/babel__traverse@https://registry.npmjs.org/@types/babel__traverse/-/babel__traverse-7.28.0.tgz. Extracting by manifest.
762 silly tarball no local data for @types/babel__template@https://registry.npmjs.org/@types/babel__template/-/babel__template-7.4.4.tgz. Extracting by manifest.
763 silly tarball no local data for @types/babel__generator@https://registry.npmjs.org/@types/babel__generator/-/babel__generator-7.27.0.tgz. Extracting by manifest.
764 silly tarball no local data for @jridgewell/resolve-uri@https://registry.npmjs.org/@jridgewell/resolve-uri/-/resolve-uri-3.1.2.tgz. Extracting by manifest.
765 silly tarball no local data for @babel/helper-globals@https://registry.npmjs.org/@babel/helper-globals/-/helper-globals-7.28.0.tgz. Extracting by manifest.
766 silly tarball no local data for @babel/helper-string-parser@https://registry.npmjs.org/@babel/helper-string-parser/-/helper-string-parser-7.27.1.tgz. Extracting by manifest.
767 http cache vite@https://registry.npmjs.org/vite/-/vite-7.1.3.tgz 0ms (cache hit)
768 silly tarball no local data for lru-cache@https://registry.npmjs.org/lru-cache/-/lru-cache-5.1.1.tgz. Extracting by manifest.
769 silly tarball no local data for @babel/helper-module-imports@https://registry.npmjs.org/@babel/helper-module-imports/-/helper-module-imports-7.28.6.tgz. Extracting by manifest.
770 silly tarball no local data for @babel/helper-validator-option@https://registry.npmjs.org/@babel/helper-validator-option/-/helper-validator-option-7.27.1.tgz. Extracting by manifest.
771 silly tarball no local data for @babel/helper-plugin-utils@https://registry.npmjs.org/@babel/helper-plugin-utils/-/helper-plugin-utils-7.28.6.tgz. Extracting by manifest.
772 silly tarball no local data for @babel/compat-data@https://registry.npmjs.org/@babel/compat-data/-/compat-data-7.29.0.tgz. Extracting by manifest.
773 silly tarball no local data for jsesc@https://registry.npmjs.org/jsesc/-/jsesc-3.1.0.tgz. Extracting by manifest.
774 silly tarball no local data for @jridgewell/trace-mapping@https://registry.npmjs.org/@jridgewell/trace-mapping/-/trace-mapping-0.3.31.tgz. Extracting by manifest.
775 silly tarball no local data for @jridgewell/gen-mapping@https://registry.npmjs.org/@jridgewell/gen-mapping/-/gen-mapping-0.3.13.tgz. Extracting by manifest.
776 silly tarball no local data for picocolors@https://registry.npmjs.org/picocolors/-/picocolors-1.1.1.tgz. Extracting by manifest.
777 silly tarball no local data for js-tokens@https://registry.npmjs.org/js-tokens/-/js-tokens-4.0.0.tgz. Extracting by manifest.
778 silly tarball no local data for @babel/helper-validator-identifier@https://registry.npmjs.org/@babel/helper-validator-identifier/-/helper-validator-identifier-7.28.5.tgz. Extracting by manifest.
779 silly tarball no local data for semver@https://registry.npmjs.org/semver/-/semver-6.3.1.tgz. Extracting by manifest.
780 silly tarball no local data for gensync@https://registry.npmjs.org/gensync/-/gensync-1.0.0-beta.2.tgz. Extracting by manifest.
781 silly tarball no local data for json5@https://registry.npmjs.org/json5/-/json5-2.2.3.tgz. Extracting by manifest.
782 silly tarball no local data for debug@https://registry.npmjs.org/debug/-/debug-4.4.3.tgz. Extracting by manifest.
783 silly tarball no local data for @jridgewell/remapping@https://registry.npmjs.org/@jridgewell/remapping/-/remapping-2.3.5.tgz. Extracting by manifest.
784 silly tarball no local data for @babel/types@https://registry.npmjs.org/@babel/types/-/types-7.29.0.tgz. Extracting by manifest.
785 silly tarball no local data for @babel/traverse@https://registry.npmjs.org/@babel/traverse/-/traverse-7.29.0.tgz. Extracting by manifest.
786 silly tarball no local data for @babel/template@https://registry.npmjs.org/@babel/template/-/template-7.28.6.tgz. Extracting by manifest.
787 silly tarball no local data for @babel/parser@https://registry.npmjs.org/@babel/parser/-/parser-7.29.2.tgz. Extracting by manifest.
788 silly tarball no local data for @babel/helpers@https://registry.npmjs.org/@babel/helpers/-/helpers-7.29.2.tgz. Extracting by manifest.
789 silly tarball no local data for @babel/helper-module-transforms@https://registry.npmjs.org/@babel/helper-module-transforms/-/helper-module-transforms-7.28.6.tgz. Extracting by manifest.
790 silly tarball no local data for @babel/helper-compilation-targets@https://registry.npmjs.org/@babel/helper-compilation-targets/-/helper-compilation-targets-7.28.6.tgz. Extracting by manifest.
791 silly tarball no local data for @babel/generator@https://registry.npmjs.org/@babel/generator/-/generator-7.29.1.tgz. Extracting by manifest.
792 http cache react-dom@https://registry.npmjs.org/react-dom/-/react-dom-19.1.1.tgz 0ms (cache hit)
793 silly tarball no local data for @babel/code-frame@https://registry.npmjs.org/@babel/code-frame/-/code-frame-7.29.0.tgz. Extracting by manifest.
794 silly tarball no local data for react-refresh@https://registry.npmjs.org/react-refresh/-/react-refresh-0.17.0.tgz. Extracting by manifest.
795 silly tarball no local data for convert-source-map@https://registry.npmjs.org/convert-source-map/-/convert-source-map-2.0.0.tgz. Extracting by manifest.
796 silly tarball no local data for @types/babel__core@https://registry.npmjs.org/@types/babel__core/-/babel__core-7.20.5.tgz. Extracting by manifest.
797 silly tarball no local data for @rolldown/pluginutils@https://registry.npmjs.org/@rolldown/pluginutils/-/pluginutils-1.0.0-beta.34.tgz. Extracting by manifest.
798 silly tarball no local data for @babel/plugin-transform-react-jsx-source@https://registry.npmjs.org/@babel/plugin-transform-react-jsx-source/-/plugin-transform-react-jsx-source-7.27.1.tgz. Extracting by manifest.
799 silly tarball no local data for @babel/plugin-transform-react-jsx-self@https://registry.npmjs.org/@babel/plugin-transform-react-jsx-self/-/plugin-transform-react-jsx-self-7.27.1.tgz. Extracting by manifest.
800 silly tarball no local data for @babel/core@https://registry.npmjs.org/@babel/core/-/core-7.29.0.tgz. Extracting by manifest.
801 silly tarball no local data for react@https://registry.npmjs.org/react/-/react-19.1.1.tgz. Extracting by manifest.
802 silly tarball no local data for browserslist@https://registry.npmjs.org/browserslist/-/browserslist-4.28.2.tgz. Extracting by manifest.
803 silly tarball no local data for @vitejs/plugin-react@https://registry.npmjs.org/@vitejs/plugin-react/-/plugin-react-5.0.2.tgz. Extracting by manifest.
804 silly tarball no local data for @jridgewell/sourcemap-codec@https://registry.npmjs.org/@jridgewell/sourcemap-codec/-/sourcemap-codec-1.5.5.tgz. Extracting by manifest.
805 silly tarball no local data for vite@https://registry.npmjs.org/vite/-/vite-7.1.3.tgz. Extracting by manifest.
806 silly tarball no local data for react-dom@https://registry.npmjs.org/react-dom/-/react-dom-19.1.1.tgz. Extracting by manifest.
807 http fetch POST 200 https://registry.npmjs.org/-/npm/v1/security/advisories/bulk 280ms
808 silly audit report {
808 silly audit report   vite: [
808 silly audit report     {
808 silly audit report       id: 1107326,
808 silly audit report       url: 'https://github.com/advisories/GHSA-g4jq-h2w9-997c',
808 silly audit report       title: 'Vite middleware may serve files starting with the same name with the public directory',
808 silly audit report       severity: 'low',
808 silly audit report       vulnerable_versions: '>=7.1.0 <=7.1.4',
808 silly audit report       cwe: [Array],
808 silly audit report       cvss: [Object]
808 silly audit report     },
808 silly audit report     {
808 silly audit report       id: 1107330,
808 silly audit report       url: 'https://github.com/advisories/GHSA-jqfw-vq24-v9c3',
808 silly audit report       title: "Vite's `server.fs` settings were not applied to HTML files",
808 silly audit report       severity: 'low',
808 silly audit report       vulnerable_versions: '>=7.1.0 <=7.1.4',
808 silly audit report       cwe: [Array],
808 silly audit report       cvss: [Object]
808 silly audit report     },
808 silly audit report     {
808 silly audit report       id: 1109137,
808 silly audit report       url: 'https://github.com/advisories/GHSA-93m4-6634-74q7',
808 silly audit report       title: 'vite allows server.fs.deny bypass via backslash on Windows',
808 silly audit report       severity: 'moderate',
808 silly audit report       vulnerable_versions: '>=7.1.0 <=7.1.10',
808 silly audit report       cwe: [Array],
808 silly audit report       cvss: [Object]
808 silly audit report     }
808 silly audit report   ]
808 silly audit report }
809 silly packumentCache corgi:https://registry.npmjs.org/vite cache-miss
810 http fetch GET 200 https://registry.npmjs.org/ms/-/ms-2.1.3.tgz 662ms (cache miss)
811 http fetch GET 200 https://registry.npmjs.org/yallist/-/yallist-3.1.1.tgz 674ms (cache miss)
812 http fetch GET 200 https://registry.npmjs.org/source-map-js/-/source-map-js-1.2.1.tgz 695ms (cache miss)
813 http fetch GET 200 https://registry.npmjs.org/node-releases/-/node-releases-2.0.36.tgz 928ms (cache miss)
814 http fetch GET 200 https://registry.npmjs.org/@babel/helper-globals/-/helper-globals-7.28.0.tgz 926ms (cache miss)
815 http fetch GET 200 https://registry.npmjs.org/update-browserslist-db/-/update-browserslist-db-1.2.3.tgz 1120ms (cache miss)
816 http fetch GET 200 https://registry.npmjs.org/@types/babel__template/-/babel__template-7.4.4.tgz 1132ms (cache miss)
817 http fetch GET 200 https://registry.npmjs.org/jsesc/-/jsesc-3.1.0.tgz 1136ms (cache miss)
818 http fetch GET 200 https://registry.npmjs.org/lru-cache/-/lru-cache-5.1.1.tgz 1145ms (cache miss)
819 http fetch GET 200 https://registry.npmjs.org/escalade/-/escalade-3.2.0.tgz 1174ms (cache miss)
820 http fetch GET 200 https://registry.npmjs.org/@types/babel__generator/-/babel__generator-7.27.0.tgz 1172ms (cache miss)
821 http fetch GET 200 https://registry.npmjs.org/@babel/helper-string-parser/-/helper-string-parser-7.27.1.tgz 1174ms (cache miss)
822 http fetch GET 200 https://registry.npmjs.org/@babel/helper-plugin-utils/-/helper-plugin-utils-7.28.6.tgz 1189ms (cache miss)
823 http fetch GET 200 https://registry.npmjs.org/tinyglobby/-/tinyglobby-0.2.15.tgz 1225ms (cache miss)
824 http fetch GET 200 https://registry.npmjs.org/@babel/helper-validator-option/-/helper-validator-option-7.27.1.tgz 1244ms (cache miss)
825 http fetch GET 200 https://registry.npmjs.org/fdir/-/fdir-6.5.0.tgz 1316ms (cache miss)
826 http fetch GET 200 https://registry.npmjs.org/@types/babel__traverse/-/babel__traverse-7.28.0.tgz 1312ms (cache miss)
827 http fetch GET 200 https://registry.npmjs.org/semver/-/semver-6.3.1.tgz 1302ms (cache miss)
828 http fetch GET 200 https://registry.npmjs.org/@jridgewell/resolve-uri/-/resolve-uri-3.1.2.tgz 1328ms (cache miss)
829 http fetch GET 200 https://registry.npmjs.org/gensync/-/gensync-1.0.0-beta.2.tgz 1343ms (cache miss)
830 http fetch GET 200 https://registry.npmjs.org/js-tokens/-/js-tokens-4.0.0.tgz 1367ms (cache miss)
831 http fetch GET 200 https://registry.npmjs.org/react-refresh/-/react-refresh-0.17.0.tgz 1372ms (cache miss)
832 http fetch GET 200 https://registry.npmjs.org/@babel/helper-module-imports/-/helper-module-imports-7.28.6.tgz 1391ms (cache miss)
833 http fetch GET 200 https://registry.npmjs.org/picocolors/-/picocolors-1.1.1.tgz 1387ms (cache miss)
834 http fetch GET 200 https://registry.npmjs.org/@types/babel__core/-/babel__core-7.20.5.tgz 1479ms (cache miss)
835 http fetch GET 200 https://registry.npmjs.org/@babel/code-frame/-/code-frame-7.29.0.tgz 1539ms (cache miss)
836 http fetch GET 200 https://registry.npmjs.org/@babel/plugin-transform-react-jsx-source/-/plugin-transform-react-jsx-source-7.27.1.tgz 1559ms (cache miss)
837 http fetch GET 200 https://registry.npmjs.org/convert-source-map/-/convert-source-map-2.0.0.tgz 1574ms (cache miss)
838 http fetch GET 200 https://registry.npmjs.org/fsevents/-/fsevents-2.3.3.tgz 1687ms (cache miss)
839 http fetch GET 200 https://registry.npmjs.org/electron-to-chromium/-/electron-to-chromium-1.5.330.tgz 1715ms (cache miss)
840 http fetch GET 200 https://registry.npmjs.org/@babel/compat-data/-/compat-data-7.29.0.tgz 1710ms (cache miss)
841 http fetch GET 200 https://registry.npmjs.org/scheduler/-/scheduler-0.26.0.tgz 1741ms (cache miss)
842 http fetch GET 200 https://registry.npmjs.org/@types/estree/-/estree-1.0.8.tgz 1778ms (cache miss)
843 http fetch GET 200 https://registry.npmjs.org/@babel/plugin-transform-react-jsx-self/-/plugin-transform-react-jsx-self-7.27.1.tgz 1744ms (cache miss)
844 http fetch GET 200 https://registry.npmjs.org/baseline-browser-mapping/-/baseline-browser-mapping-2.10.13.tgz 1769ms (cache miss)
845 http fetch GET 200 https://registry.npmjs.org/nanoid/-/nanoid-3.3.11.tgz 1780ms (cache miss)
846 http fetch GET 200 https://registry.npmjs.org/picomatch/-/picomatch-4.0.4.tgz 1778ms (cache miss)
847 http fetch GET 200 https://registry.npmjs.org/@rolldown/pluginutils/-/pluginutils-1.0.0-beta.34.tgz 1763ms (cache miss)
848 http fetch GET 200 https://registry.npmjs.org/debug/-/debug-4.4.3.tgz 1772ms (cache miss)
849 http fetch GET 200 https://registry.npmjs.org/@babel/helper-validator-identifier/-/helper-validator-identifier-7.28.5.tgz 1776ms (cache miss)
850 http fetch GET 200 https://registry.npmjs.org/browserslist/-/browserslist-4.28.2.tgz 1784ms (cache miss)
851 http fetch GET 200 https://registry.npmjs.org/esbuild/-/esbuild-0.25.12.tgz 1940ms (cache miss)
852 http fetch GET 200 https://registry.npmjs.org/@babel/helper-compilation-targets/-/helper-compilation-targets-7.28.6.tgz 2061ms (cache miss)
853 http fetch GET 200 https://registry.npmjs.org/json5/-/json5-2.2.3.tgz 2067ms (cache miss)
854 http fetch GET 200 https://registry.npmjs.org/@vitejs/plugin-react/-/plugin-react-5.0.2.tgz 2114ms (cache miss)
855 http fetch GET 200 https://registry.npmjs.org/@babel/helper-module-transforms/-/helper-module-transforms-7.28.6.tgz 2141ms (cache miss)
856 http fetch GET 200 https://registry.npmjs.org/react/-/react-19.1.1.tgz 2152ms (cache miss)
857 http fetch GET 200 https://registry.npmjs.org/@jridgewell/sourcemap-codec/-/sourcemap-codec-1.5.5.tgz 2185ms (cache miss)
858 http fetch GET 200 https://registry.npmjs.org/@babel/template/-/template-7.28.6.tgz 2202ms (cache miss)
859 http fetch GET 200 https://registry.npmjs.org/@jridgewell/remapping/-/remapping-2.3.5.tgz 2214ms (cache miss)
860 http fetch GET 200 https://registry.npmjs.org/@jridgewell/gen-mapping/-/gen-mapping-0.3.13.tgz 2279ms (cache miss)
861 http fetch GET 200 https://registry.npmjs.org/@babel/parser/-/parser-7.29.2.tgz 2459ms (cache miss)
862 http fetch GET 200 https://registry.npmjs.org/@jridgewell/trace-mapping/-/trace-mapping-0.3.31.tgz 2478ms (cache miss)
863 http fetch GET 200 https://registry.npmjs.org/vite 2282ms (cache miss)
864 silly packumentCache corgi:https://registry.npmjs.org/vite set size:undefined disposed:false
865 http fetch GET 200 https://registry.npmjs.org/postcss/-/postcss-8.5.8.tgz 2621ms (cache miss)
866 http fetch GET 200 https://registry.npmjs.org/@rollup/rollup-darwin-x64/-/rollup-darwin-x64-4.60.1.tgz 2636ms (cache miss)
867 silly packumentCache corgi:https://registry.npmjs.org/@vitejs%2fplugin-react cache-miss
868 http fetch GET 200 https://registry.npmjs.org/@babel/generator/-/generator-7.29.1.tgz 2701ms (cache miss)
869 http fetch GET 200 https://registry.npmjs.org/@vitejs%2fplugin-react 279ms (cache miss)
870 silly packumentCache corgi:https://registry.npmjs.org/@vitejs%2fplugin-react set size:undefined disposed:false
871 http fetch GET 200 https://registry.npmjs.org/rollup/-/rollup-4.60.1.tgz 3058ms (cache miss)
872 http fetch GET 200 https://registry.npmjs.org/vite/-/vite-7.1.3.tgz 2968ms (cache miss)
873 http fetch GET 200 https://registry.npmjs.org/@babel/traverse/-/traverse-7.29.0.tgz 3169ms (cache miss)
874 http fetch GET 200 https://registry.npmjs.org/react-dom/-/react-dom-19.1.1.tgz 3310ms (cache miss)
875 http fetch GET 200 https://registry.npmjs.org/@babel/core/-/core-7.29.0.tgz 3528ms (cache miss)
876 http fetch GET 200 https://registry.npmjs.org/@esbuild/darwin-x64/-/darwin-x64-0.25.12.tgz 3603ms (cache miss)
877 http fetch GET 200 https://registry.npmjs.org/@babel/types/-/types-7.29.0.tgz 3793ms (cache miss)
878 http fetch GET 200 https://registry.npmjs.org/@babel/helpers/-/helpers-7.29.2.tgz 3899ms (cache miss)
879 http fetch GET 200 https://registry.npmjs.org/caniuse-lite/-/caniuse-lite-1.0.30001784.tgz 4677ms (cache miss)
880 info run fsevents@2.3.3 install node_modules/fsevents node-gyp rebuild
881 info run fsevents@2.3.3 install { code: 1, signal: null }
882 verbose reify failed optional dependency /Users/cosmin.pascariu/Desktop/todolist/frontend/node_modules/fsevents
883 silly reify mark deleted [
883 silly reify   '/Users/cosmin.pascariu/Desktop/todolist/frontend/node_modules/fsevents'
883 silly reify ]
884 info run esbuild@0.25.12 postinstall node_modules/esbuild node install.js
885 info run esbuild@0.25.12 postinstall { code: 0, signal: null }
886 silly ADD node_modules/@types/estree
887 silly ADD node_modules/@rollup/rollup-darwin-x64
888 silly ADD node_modules/source-map-js
889 silly ADD node_modules/nanoid
890 silly ADD node_modules/@esbuild/darwin-x64
891 silly ADD node_modules/tinyglobby
892 silly ADD node_modules/rollup
893 silly ADD node_modules/postcss
894 silly ADD node_modules/picomatch
895 silly ADD
896 silly ADD node_modules/fdir
897 silly ADD node_modules/esbuild
898 silly ADD node_modules/escalade
899 silly ADD node_modules/scheduler
900 silly ADD node_modules/yallist
901 silly ADD node_modules/ms
902 silly ADD node_modules/update-browserslist-db
903 silly ADD node_modules/node-releases
904 silly ADD node_modules/electron-to-chromium
905 silly ADD node_modules/caniuse-lite
906 silly ADD node_modules/baseline-browser-mapping
907 silly ADD node_modules/@types/babel__traverse
908 silly ADD node_modules/@types/babel__template
909 silly ADD node_modules/@types/babel__generator
910 silly ADD node_modules/@jridgewell/resolve-uri
911 silly ADD node_modules/@jridgewell/sourcemap-codec
912 silly ADD node_modules/@babel/helper-string-parser
913 silly ADD node_modules/@babel/helper-globals
914 silly ADD node_modules/@babel/helper-plugin-utils
915 silly ADD node_modules/@babel/helper-module-imports
916 silly ADD node_modules/lru-cache
917 silly ADD node_modules/browserslist
918 silly ADD node_modules/@babel/helper-validator-option
919 silly ADD node_modules/@babel/compat-data
920 silly ADD node_modules/jsesc
921 silly ADD node_modules/@jridgewell/trace-mapping
922 silly ADD node_modules/@jridgewell/gen-mapping
923 silly ADD node_modules/picocolors
924 silly ADD node_modules/js-tokens
925 silly ADD node_modules/@babel/helper-validator-identifier
926 silly ADD node_modules/semver
927 silly ADD node_modules/json5
928 silly ADD node_modules/gensync
929 silly ADD node_modules/debug
930 silly ADD node_modules/convert-source-map
931 silly ADD node_modules/@jridgewell/remapping
932 silly ADD node_modules/@babel/types
933 silly ADD node_modules/@babel/traverse
934 silly ADD node_modules/@babel/template
935 silly ADD node_modules/@babel/parser
936 silly ADD node_modules/@babel/helpers
937 silly ADD node_modules/@babel/helper-module-transforms
938 silly ADD node_modules/@babel/helper-compilation-targets
939 silly ADD node_modules/@babel/generator
940 silly ADD node_modules/@babel/code-frame
941 silly ADD node_modules/react-refresh
942 silly ADD node_modules/@types/babel__core
943 silly ADD node_modules/@rolldown/pluginutils
944 silly ADD node_modules/@babel/plugin-transform-react-jsx-source
945 silly ADD node_modules/@babel/plugin-transform-react-jsx-self
946 silly ADD node_modules/@babel/core
947 silly ADD node_modules/react-dom
948 silly ADD node_modules/react
949 silly ADD node_modules/vite
950 silly ADD node_modules/@vitejs/plugin-react
951 verbose cwd /Users/cosmin.pascariu/Desktop/todolist/frontend
952 verbose os Darwin 22.6.0
953 verbose node v24.13.0
954 verbose npm  v11.6.2
955 notice
955 notice New minor version of npm available! 11.6.2 -> 11.12.1
955 notice Changelog: https://github.com/npm/cli/releases/tag/v11.12.1
955 notice To update run: npm install -g npm@11.12.1
955 notice  { force: true, Symbol(proc-log.meta): true }
956 verbose exit 0
957 info ok
